nohup: ignoring input
INFO:     Will watch for changes in these directories: ['/mnt/c/Users/desib/OneDrive/Desktop/Tourism/backend']
INFO:     Uvicorn running on http://127.0.0.1:8000 (Press CTRL+C to quit)
INFO:     Started reloader process [7753] using StatReload
INFO:     Started server process [7756]
INFO:     Waiting for application startup.
INFO:     Application startup complete.
INFO:     127.0.0.1:49508 - "POST /billing/create-checkout HTTP/1.1" 401 Unauthorized
WARNING:  StatReload detected changes in 'app/api/billing.py'. Reloading...
INFO:     Shutting down
INFO:     Waiting for application shutdown.
INFO:     Application shutdown complete.
INFO:     Finished server process [7756]
INFO:     Started server process [7765]
INFO:     Waiting for application startup.
INFO:     Application startup complete.
WARNING:  StatReload detected changes in 'app/models/__init__.py'. Reloading...
INFO:     Shutting down
INFO:     Waiting for application shutdown.
INFO:     Application shutdown complete.
INFO:     Finished server process [7765]
INFO:     Started server process [7772]
INFO:     Waiting for application startup.
INFO:     Application startup complete.
INFO:     127.0.0.1:34040 - "POST /crm/sync HTTP/1.1" 200 OK
WARNING:  StatReload detected changes in 'app/models/offer.py'. Reloading...
INFO:     Shutting down
INFO:     Waiting for application shutdown.
INFO:     Application shutdown complete.
INFO:     Finished server process [7772]
/mnt/c/Users/desib/OneDrive/Desktop/Tourism/backend/.venv/lib/python3.10/site-packages/pydantic/_internal/_config.py:373: UserWarning: Valid config keys have changed in V2:
* 'orm_mode' has been renamed to 'from_attributes'
  warnings.warn(message, UserWarning)
INFO:     Started server process [7809]
INFO:     Waiting for application startup.
INFO:     Application startup complete.
(trapped) error reading bcrypt version
Traceback (most recent call last):
  File "/mnt/c/Users/desib/OneDrive/Desktop/Tourism/backend/.venv/lib/python3.10/site-packages/passlib/handlers/bcrypt.py", line 620, in _load_backend_mixin
    version = _bcrypt.__about__.__version__
AttributeError: module 'bcrypt' has no attribute '__about__'
INFO:     127.0.0.1:50970 - "POST /auth/register HTTP/1.1" 200 OK
INFO:     127.0.0.1:50986 - "POST /auth/login HTTP/1.1" 200 OK
INFO:     127.0.0.1:50992 - "POST /offers/ HTTP/1.1" 404 Not Found
INFO:     127.0.0.1:51008 - "GET /offers/ HTTP/1.1" 404 Not Found
WARNING:  StatReload detected changes in 'app/api/offers.py'. Reloading...
INFO:     Shutting down
INFO:     Waiting for application shutdown.
INFO:     Application shutdown complete.
INFO:     Finished server process [7809]
/mnt/c/Users/desib/OneDrive/Desktop/Tourism/backend/.venv/lib/python3.10/site-packages/pydantic/_internal/_config.py:373: UserWarning: Valid config keys have changed in V2:
* 'orm_mode' has been renamed to 'from_attributes'
  warnings.warn(message, UserWarning)
INFO:     Started server process [7847]
INFO:     Waiting for application startup.
INFO:     Application startup complete.
WARNING:  StatReload detected changes in 'app/api/offers.py'. Reloading...
INFO:     Shutting down
INFO:     Waiting for application shutdown.
INFO:     Application shutdown complete.
INFO:     Finished server process [7847]
/mnt/c/Users/desib/OneDrive/Desktop/Tourism/backend/.venv/lib/python3.10/site-packages/pydantic/_internal/_config.py:373: UserWarning: Valid config keys have changed in V2:
* 'orm_mode' has been renamed to 'from_attributes'
  warnings.warn(message, UserWarning)
INFO:     Started server process [7852]
INFO:     Waiting for application startup.
INFO:     Application startup complete.
WARNING:  StatReload detected changes in 'app/api/offers.py'. Reloading...
INFO:     Shutting down
INFO:     Waiting for application shutdown.
INFO:     Application shutdown complete.
INFO:     Finished server process [7852]
/mnt/c/Users/desib/OneDrive/Desktop/Tourism/backend/.venv/lib/python3.10/site-packages/pydantic/_internal/_config.py:373: UserWarning: Valid config keys have changed in V2:
* 'orm_mode' has been renamed to 'from_attributes'
  warnings.warn(message, UserWarning)
INFO:     Started server process [7857]
INFO:     Waiting for application startup.
INFO:     Application startup complete.
(trapped) error reading bcrypt version
Traceback (most recent call last):
  File "/mnt/c/Users/desib/OneDrive/Desktop/Tourism/backend/.venv/lib/python3.10/site-packages/passlib/handlers/bcrypt.py", line 620, in _load_backend_mixin
    version = _bcrypt.__about__.__version__
AttributeError: module 'bcrypt' has no attribute '__about__'
INFO:     127.0.0.1:55858 - "POST /auth/register HTTP/1.1" 200 OK
INFO:     127.0.0.1:55874 - "POST /auth/login HTTP/1.1" 200 OK
INFO:     127.0.0.1:41046 - "POST /offers/ HTTP/1.1" 200 OK
INFO:     127.0.0.1:41060 - "GET /offers/ HTTP/1.1" 200 OK
INFO:     127.0.0.1:43830 - "POST /auth/register HTTP/1.1" 400 Bad Request
INFO:     127.0.0.1:42186 - "POST /auth/login HTTP/1.1" 200 OK
INFO:     127.0.0.1:45336 - "POST /auth/login HTTP/1.1" 200 OK
INFO:     127.0.0.1:54296 - "POST /offers/ HTTP/1.1" 200 OK
INFO:     127.0.0.1:54304 - "GET /offers/ HTTP/1.1" 200 OK
WARNING:  StatReload detected changes in 'app/api/offers.py'. Reloading...
INFO:     Shutting down
INFO:     Waiting for application shutdown.
INFO:     Application shutdown complete.
INFO:     Finished server process [7857]
/mnt/c/Users/desib/OneDrive/Desktop/Tourism/backend/.venv/lib/python3.10/site-packages/pydantic/_internal/_config.py:373: UserWarning: Valid config keys have changed in V2:
* 'orm_mode' has been renamed to 'from_attributes'
  warnings.warn(message, UserWarning)
INFO:     Started server process [7900]
INFO:     Waiting for application startup.
INFO:     Application startup complete.
WARNING:  StatReload detected changes in 'app/api/crm.py'. Reloading...
INFO:     Shutting down
INFO:     Waiting for application shutdown.
INFO:     Application shutdown complete.
INFO:     Finished server process [7900]
/mnt/c/Users/desib/OneDrive/Desktop/Tourism/backend/.venv/lib/python3.10/site-packages/pydantic/_internal/_config.py:373: UserWarning: Valid config keys have changed in V2:
* 'orm_mode' has been renamed to 'from_attributes'
  warnings.warn(message, UserWarning)
INFO:     Started server process [7908]
INFO:     Waiting for application startup.
INFO:     Application startup complete.
WARNING:  StatReload detected changes in 'app/api/billing.py'. Reloading...
INFO:     Shutting down
INFO:     Waiting for application shutdown.
INFO:     Application shutdown complete.
INFO:     Finished server process [7908]
Process SpawnProcess-10:
Traceback (most recent call last):
  File "/usr/lib/python3.10/multiprocessing/process.py", line 314, in _bootstrap
    self.run()
  File "/usr/lib/python3.10/multiprocessing/process.py", line 108, in run
    self._target(*self._args, **self._kwargs)
  File "/mnt/c/Users/desib/OneDrive/Desktop/Tourism/backend/.venv/lib/python3.10/site-packages/uvicorn/_subprocess.py", line 80, in subprocess_started
    target(sockets=sockets)
  File "/mnt/c/Users/desib/OneDrive/Desktop/Tourism/backend/.venv/lib/python3.10/site-packages/uvicorn/server.py", line 67, in run
    return asyncio.run(self.serve(sockets=sockets))
  File "/usr/lib/python3.10/asyncio/runners.py", line 44, in run
    return loop.run_until_complete(main)
  File "/usr/lib/python3.10/asyncio/base_events.py", line 649, in run_until_complete
    return future.result()
  File "/mnt/c/Users/desib/OneDrive/Desktop/Tourism/backend/.venv/lib/python3.10/site-packages/uvicorn/server.py", line 71, in serve
    await self._serve(sockets)
  File "/mnt/c/Users/desib/OneDrive/Desktop/Tourism/backend/.venv/lib/python3.10/site-packages/uvicorn/server.py", line 78, in _serve
    config.load()
  File "/mnt/c/Users/desib/OneDrive/Desktop/Tourism/backend/.venv/lib/python3.10/site-packages/uvicorn/config.py", line 436, in load
    self.loaded_app = import_from_string(self.app)
  File "/mnt/c/Users/desib/OneDrive/Desktop/Tourism/backend/.venv/lib/python3.10/site-packages/uvicorn/importer.py", line 22, in import_from_string
    raise exc from None
  File "/mnt/c/Users/desib/OneDrive/Desktop/Tourism/backend/.venv/lib/python3.10/site-packages/uvicorn/importer.py", line 19, in import_from_string
    module = importlib.import_module(module_str)
  File "/usr/lib/python3.10/importlib/__init__.py", line 126, in import_module
    return _bootstrap._gcd_import(name[level:], package, level)
  File "<frozen importlib._bootstrap>", line 1050, in _gcd_import
  File "<frozen importlib._bootstrap>", line 1027, in _find_and_load
  File "<frozen importlib._bootstrap>", line 1006, in _find_and_load_unlocked
  File "<frozen importlib._bootstrap>", line 688, in _load_unlocked
  File "<frozen importlib._bootstrap_external>", line 883, in exec_module
  File "<frozen importlib._bootstrap>", line 241, in _call_with_frames_removed
  File "/mnt/c/Users/desib/OneDrive/Desktop/Tourism/backend/main.py", line 2, in <module>
    from app.api import forecast, pricing, personas, campaigns, chatbot, auth, billing, crm, offers
  File "/mnt/c/Users/desib/OneDrive/Desktop/Tourism/backend/app/api/billing.py", line 9, in <module>
    import stripe
ModuleNotFoundError: No module named 'stripe'
WARNING:  StatReload detected changes in 'app/api/billing.py'. Reloading...
Process SpawnProcess-11:
Traceback (most recent call last):
  File "/usr/lib/python3.10/multiprocessing/process.py", line 314, in _bootstrap
    self.run()
  File "/usr/lib/python3.10/multiprocessing/process.py", line 108, in run
    self._target(*self._args, **self._kwargs)
  File "/mnt/c/Users/desib/OneDrive/Desktop/Tourism/backend/.venv/lib/python3.10/site-packages/uvicorn/_subprocess.py", line 80, in subprocess_started
    target(sockets=sockets)
  File "/mnt/c/Users/desib/OneDrive/Desktop/Tourism/backend/.venv/lib/python3.10/site-packages/uvicorn/server.py", line 67, in run
    return asyncio.run(self.serve(sockets=sockets))
  File "/usr/lib/python3.10/asyncio/runners.py", line 44, in run
    return loop.run_until_complete(main)
  File "/usr/lib/python3.10/asyncio/base_events.py", line 649, in run_until_complete
    return future.result()
  File "/mnt/c/Users/desib/OneDrive/Desktop/Tourism/backend/.venv/lib/python3.10/site-packages/uvicorn/server.py", line 71, in serve
    await self._serve(sockets)
  File "/mnt/c/Users/desib/OneDrive/Desktop/Tourism/backend/.venv/lib/python3.10/site-packages/uvicorn/server.py", line 78, in _serve
    config.load()
  File "/mnt/c/Users/desib/OneDrive/Desktop/Tourism/backend/.venv/lib/python3.10/site-packages/uvicorn/config.py", line 436, in load
    self.loaded_app = import_from_string(self.app)
  File "/mnt/c/Users/desib/OneDrive/Desktop/Tourism/backend/.venv/lib/python3.10/site-packages/uvicorn/importer.py", line 19, in import_from_string
    module = importlib.import_module(module_str)
  File "/usr/lib/python3.10/importlib/__init__.py", line 126, in import_module
    return _bootstrap._gcd_import(name[level:], package, level)
  File "<frozen importlib._bootstrap>", line 1050, in _gcd_import
  File "<frozen importlib._bootstrap>", line 1027, in _find_and_load
  File "<frozen importlib._bootstrap>", line 1006, in _find_and_load_unlocked
  File "<frozen importlib._bootstrap>", line 688, in _load_unlocked
  File "<frozen importlib._bootstrap_external>", line 883, in exec_module
  File "<frozen importlib._bootstrap>", line 241, in _call_with_frames_removed
  File "/mnt/c/Users/desib/OneDrive/Desktop/Tourism/backend/main.py", line 2, in <module>
    from app.api import forecast, pricing, personas, campaigns, chatbot, auth, billing, crm, offers
  File "/mnt/c/Users/desib/OneDrive/Desktop/Tourism/backend/app/api/billing.py", line 97
    customer_id_raw: Any = None
    ^^^^^^^^^^^^^^^
IndentationError: expected an indented block after 'if' statement on line 95
WARNING:  StatReload detected changes in 'app/api/billing.py'. Reloading...
Process SpawnProcess-12:
Traceback (most recent call last):
  File "/usr/lib/python3.10/multiprocessing/process.py", line 314, in _bootstrap
    self.run()
  File "/usr/lib/python3.10/multiprocessing/process.py", line 108, in run
    self._target(*self._args, **self._kwargs)
  File "/mnt/c/Users/desib/OneDrive/Desktop/Tourism/backend/.venv/lib/python3.10/site-packages/uvicorn/_subprocess.py", line 80, in subprocess_started
    target(sockets=sockets)
  File "/mnt/c/Users/desib/OneDrive/Desktop/Tourism/backend/.venv/lib/python3.10/site-packages/uvicorn/server.py", line 67, in run
    return asyncio.run(self.serve(sockets=sockets))
  File "/usr/lib/python3.10/asyncio/runners.py", line 44, in run
    return loop.run_until_complete(main)
  File "/usr/lib/python3.10/asyncio/base_events.py", line 649, in run_until_complete
    return future.result()
  File "/mnt/c/Users/desib/OneDrive/Desktop/Tourism/backend/.venv/lib/python3.10/site-packages/uvicorn/server.py", line 71, in serve
    await self._serve(sockets)
  File "/mnt/c/Users/desib/OneDrive/Desktop/Tourism/backend/.venv/lib/python3.10/site-packages/uvicorn/server.py", line 78, in _serve
    config.load()
  File "/mnt/c/Users/desib/OneDrive/Desktop/Tourism/backend/.venv/lib/python3.10/site-packages/uvicorn/config.py", line 436, in load
    self.loaded_app = import_from_string(self.app)
  File "/mnt/c/Users/desib/OneDrive/Desktop/Tourism/backend/.venv/lib/python3.10/site-packages/uvicorn/importer.py", line 22, in import_from_string
    raise exc from None
  File "/mnt/c/Users/desib/OneDrive/Desktop/Tourism/backend/.venv/lib/python3.10/site-packages/uvicorn/importer.py", line 19, in import_from_string
    module = importlib.import_module(module_str)
  File "/usr/lib/python3.10/importlib/__init__.py", line 126, in import_module
    return _bootstrap._gcd_import(name[level:], package, level)
  File "<frozen importlib._bootstrap>", line 1050, in _gcd_import
  File "<frozen importlib._bootstrap>", line 1027, in _find_and_load
  File "<frozen importlib._bootstrap>", line 1006, in _find_and_load_unlocked
  File "<frozen importlib._bootstrap>", line 688, in _load_unlocked
  File "<frozen importlib._bootstrap_external>", line 883, in exec_module
  File "<frozen importlib._bootstrap>", line 241, in _call_with_frames_removed
  File "/mnt/c/Users/desib/OneDrive/Desktop/Tourism/backend/main.py", line 2, in <module>
    from app.api import forecast, pricing, personas, campaigns, chatbot, auth, billing, crm, offers
  File "/mnt/c/Users/desib/OneDrive/Desktop/Tourism/backend/app/api/billing.py", line 9, in <module>
    import stripe
ModuleNotFoundError: No module named 'stripe'
WARNING:  StatReload detected changes in 'app/api/billing.py'. Reloading...
Process SpawnProcess-13:
Traceback (most recent call last):
  File "/usr/lib/python3.10/multiprocessing/process.py", line 314, in _bootstrap
    self.run()
  File "/usr/lib/python3.10/multiprocessing/process.py", line 108, in run
    self._target(*self._args, **self._kwargs)
  File "/mnt/c/Users/desib/OneDrive/Desktop/Tourism/backend/.venv/lib/python3.10/site-packages/uvicorn/_subprocess.py", line 80, in subprocess_started
    target(sockets=sockets)
  File "/mnt/c/Users/desib/OneDrive/Desktop/Tourism/backend/.venv/lib/python3.10/site-packages/uvicorn/server.py", line 67, in run
    return asyncio.run(self.serve(sockets=sockets))
  File "/usr/lib/python3.10/asyncio/runners.py", line 44, in run
    return loop.run_until_complete(main)
  File "/usr/lib/python3.10/asyncio/base_events.py", line 649, in run_until_complete
    return future.result()
  File "/mnt/c/Users/desib/OneDrive/Desktop/Tourism/backend/.venv/lib/python3.10/site-packages/uvicorn/server.py", line 71, in serve
    await self._serve(sockets)
  File "/mnt/c/Users/desib/OneDrive/Desktop/Tourism/backend/.venv/lib/python3.10/site-packages/uvicorn/server.py", line 78, in _serve
    config.load()
  File "/mnt/c/Users/desib/OneDrive/Desktop/Tourism/backend/.venv/lib/python3.10/site-packages/uvicorn/config.py", line 436, in load
    self.loaded_app = import_from_string(self.app)
  File "/mnt/c/Users/desib/OneDrive/Desktop/Tourism/backend/.venv/lib/python3.10/site-packages/uvicorn/importer.py", line 22, in import_from_string
    raise exc from None
  File "/mnt/c/Users/desib/OneDrive/Desktop/Tourism/backend/.venv/lib/python3.10/site-packages/uvicorn/importer.py", line 19, in import_from_string
    module = importlib.import_module(module_str)
  File "/usr/lib/python3.10/importlib/__init__.py", line 126, in import_module
    return _bootstrap._gcd_import(name[level:], package, level)
  File "<frozen importlib._bootstrap>", line 1050, in _gcd_import
  File "<frozen importlib._bootstrap>", line 1027, in _find_and_load
  File "<frozen importlib._bootstrap>", line 1006, in _find_and_load_unlocked
  File "<frozen importlib._bootstrap>", line 688, in _load_unlocked
  File "<frozen importlib._bootstrap_external>", line 883, in exec_module
  File "<frozen importlib._bootstrap>", line 241, in _call_with_frames_removed
  File "/mnt/c/Users/desib/OneDrive/Desktop/Tourism/backend/main.py", line 2, in <module>
    from app.api import forecast, pricing, personas, campaigns, chatbot, auth, billing, crm, offers
  File "/mnt/c/Users/desib/OneDrive/Desktop/Tourism/backend/app/api/billing.py", line 9, in <module>
    import stripe
ModuleNotFoundError: No module named 'stripe'
WARNING:  StatReload detected changes in 'tests/test_billing.py'. Reloading...
/mnt/c/Users/desib/OneDrive/Desktop/Tourism/backend/.venv/lib/python3.10/site-packages/pydantic/_internal/_config.py:373: UserWarning: Valid config keys have changed in V2:
* 'orm_mode' has been renamed to 'from_attributes'
  warnings.warn(message, UserWarning)
INFO:     Started server process [8835]
INFO:     Waiting for application startup.
INFO:     Application startup complete.
WARNING:  StatReload detected changes in 'tests/test_billing.py'. Reloading...
INFO:     Shutting down
INFO:     Waiting for application shutdown.
INFO:     Application shutdown complete.
INFO:     Finished server process [8835]
/mnt/c/Users/desib/OneDrive/Desktop/Tourism/backend/.venv/lib/python3.10/site-packages/pydantic/_internal/_config.py:373: UserWarning: Valid config keys have changed in V2:
* 'orm_mode' has been renamed to 'from_attributes'
  warnings.warn(message, UserWarning)
INFO:     Started server process [8928]
INFO:     Waiting for application startup.
INFO:     Application startup complete.
WARNING:  StatReload detected changes in 'tests/test_billing.py'. Reloading...
INFO:     Shutting down
INFO:     Waiting for application shutdown.
INFO:     Application shutdown complete.
INFO:     Finished server process [8928]
/mnt/c/Users/desib/OneDrive/Desktop/Tourism/backend/.venv/lib/python3.10/site-packages/pydantic/_internal/_config.py:373: UserWarning: Valid config keys have changed in V2:
* 'orm_mode' has been renamed to 'from_attributes'
  warnings.warn(message, UserWarning)
INFO:     Started server process [8987]
INFO:     Waiting for application startup.
INFO:     Application startup complete.
WARNING:  StatReload detected changes in 'tests/test_billing.py'. Reloading...
INFO:     Shutting down
INFO:     Waiting for application shutdown.
INFO:     Application shutdown complete.
INFO:     Finished server process [8987]
/mnt/c/Users/desib/OneDrive/Desktop/Tourism/backend/.venv/lib/python3.10/site-packages/pydantic/_internal/_config.py:373: UserWarning: Valid config keys have changed in V2:
* 'orm_mode' has been renamed to 'from_attributes'
  warnings.warn(message, UserWarning)
INFO:     Started server process [9015]
INFO:     Waiting for application startup.
INFO:     Application startup complete.
WARNING:  StatReload detected changes in 'tests/test_billing.py'. Reloading...
INFO:     Shutting down
INFO:     Waiting for application shutdown.
INFO:     Application shutdown complete.
INFO:     Finished server process [9015]
/mnt/c/Users/desib/OneDrive/Desktop/Tourism/backend/.venv/lib/python3.10/site-packages/pydantic/_internal/_config.py:373: UserWarning: Valid config keys have changed in V2:
* 'orm_mode' has been renamed to 'from_attributes'
  warnings.warn(message, UserWarning)
INFO:     Started server process [9027]
INFO:     Waiting for application startup.
INFO:     Application startup complete.
WARNING:  StatReload detected changes in 'tests/test_billing.py'. Reloading...
INFO:     Shutting down
INFO:     Waiting for application shutdown.
INFO:     Application shutdown complete.
INFO:     Finished server process [9027]
/mnt/c/Users/desib/OneDrive/Desktop/Tourism/backend/.venv/lib/python3.10/site-packages/pydantic/_internal/_config.py:373: UserWarning: Valid config keys have changed in V2:
* 'orm_mode' has been renamed to 'from_attributes'
  warnings.warn(message, UserWarning)
INFO:     Started server process [9089]
INFO:     Waiting for application startup.
INFO:     Application startup complete.
WARNING:  StatReload detected changes in 'tests/test_billing.py'. Reloading...
INFO:     Shutting down
INFO:     Waiting for application shutdown.
INFO:     Application shutdown complete.
INFO:     Finished server process [9089]
/mnt/c/Users/desib/OneDrive/Desktop/Tourism/backend/.venv/lib/python3.10/site-packages/pydantic/_internal/_config.py:373: UserWarning: Valid config keys have changed in V2:
* 'orm_mode' has been renamed to 'from_attributes'
  warnings.warn(message, UserWarning)
INFO:     Started server process [9161]
INFO:     Waiting for application startup.
INFO:     Application startup complete.
WARNING:  StatReload detected changes in 'app/api/offers.py'. Reloading...
INFO:     Shutting down
INFO:     Waiting for application shutdown.
INFO:     Application shutdown complete.
INFO:     Finished server process [9161]
INFO:     Started server process [9267]
INFO:     Waiting for application startup.
INFO:     Application startup complete.
WARNING:  StatReload detected changes in 'app/api/billing.py'. Reloading...
INFO:     Shutting down
INFO:     Waiting for application shutdown.
INFO:     Application shutdown complete.
INFO:     Finished server process [9267]
Process SpawnProcess-22:
Traceback (most recent call last):
  File "/usr/lib/python3.10/multiprocessing/process.py", line 314, in _bootstrap
    self.run()
  File "/usr/lib/python3.10/multiprocessing/process.py", line 108, in run
    self._target(*self._args, **self._kwargs)
  File "/mnt/c/Users/desib/OneDrive/Desktop/Tourism/backend/.venv/lib/python3.10/site-packages/uvicorn/_subprocess.py", line 80, in subprocess_started
    target(sockets=sockets)
  File "/mnt/c/Users/desib/OneDrive/Desktop/Tourism/backend/.venv/lib/python3.10/site-packages/uvicorn/server.py", line 67, in run
    return asyncio.run(self.serve(sockets=sockets))
  File "/usr/lib/python3.10/asyncio/runners.py", line 44, in run
    return loop.run_until_complete(main)
  File "/usr/lib/python3.10/asyncio/base_events.py", line 649, in run_until_complete
    return future.result()
  File "/mnt/c/Users/desib/OneDrive/Desktop/Tourism/backend/.venv/lib/python3.10/site-packages/uvicorn/server.py", line 71, in serve
    await self._serve(sockets)
  File "/mnt/c/Users/desib/OneDrive/Desktop/Tourism/backend/.venv/lib/python3.10/site-packages/uvicorn/server.py", line 78, in _serve
    config.load()
  File "/mnt/c/Users/desib/OneDrive/Desktop/Tourism/backend/.venv/lib/python3.10/site-packages/uvicorn/config.py", line 436, in load
    self.loaded_app = import_from_string(self.app)
  File "/mnt/c/Users/desib/OneDrive/Desktop/Tourism/backend/.venv/lib/python3.10/site-packages/uvicorn/importer.py", line 19, in import_from_string
    module = importlib.import_module(module_str)
  File "/usr/lib/python3.10/importlib/__init__.py", line 126, in import_module
    return _bootstrap._gcd_import(name[level:], package, level)
  File "<frozen importlib._bootstrap>", line 1050, in _gcd_import
  File "<frozen importlib._bootstrap>", line 1027, in _find_and_load
  File "<frozen importlib._bootstrap>", line 1006, in _find_and_load_unlocked
  File "<frozen importlib._bootstrap>", line 688, in _load_unlocked
  File "<frozen importlib._bootstrap_external>", line 883, in exec_module
  File "<frozen importlib._bootstrap>", line 241, in _call_with_frames_removed
  File "/mnt/c/Users/desib/OneDrive/Desktop/Tourism/backend/main.py", line 2, in <module>
    from app.api import forecast, pricing, personas, campaigns, chatbot, auth, billing, crm, offers
  File "/mnt/c/Users/desib/OneDrive/Desktop/Tourism/backend/app/api/billing.py", line 131
    else:
    ^^^^
SyntaxError: invalid syntax
WARNING:  StatReload detected changes in 'tests/test_billing_webhooks.py'. Reloading...
INFO:     Started server process [9414]
INFO:     Waiting for application startup.
INFO:     Application startup complete.
WARNING:  StatReload detected changes in 'tests/test_billing_webhooks.py'. Reloading...
INFO:     Shutting down
INFO:     Waiting for application shutdown.
INFO:     Application shutdown complete.
INFO:     Finished server process [9414]
INFO:     Started server process [9437]
INFO:     Waiting for application startup.
INFO:     Application startup complete.
WARNING:  StatReload detected changes in 'tests/conftest.py'. Reloading...
INFO:     Shutting down
INFO:     Waiting for application shutdown.
INFO:     Application shutdown complete.
INFO:     Finished server process [9437]
INFO:     Started server process [9492]
INFO:     Waiting for application startup.
INFO:     Application startup complete.
WARNING:  StatReload detected changes in 'tests/test_billing_webhooks.py'. Reloading...
INFO:     Shutting down
INFO:     Waiting for application shutdown.
INFO:     Application shutdown complete.
INFO:     Finished server process [9492]
INFO:     Started server process [9538]
INFO:     Waiting for application startup.
INFO:     Application startup complete.
WARNING:  StatReload detected changes in 'tests/test_billing_webhooks.py'. Reloading...
INFO:     Shutting down
INFO:     Waiting for application shutdown.
INFO:     Application shutdown complete.
INFO:     Finished server process [9538]
INFO:     Started server process [9582]
INFO:     Waiting for application startup.
INFO:     Application startup complete.
WARNING:  StatReload detected changes in 'tests/test_billing_webhooks.py'. Reloading...
INFO:     Shutting down
INFO:     Waiting for application shutdown.
INFO:     Application shutdown complete.
INFO:     Finished server process [9582]
INFO:     Started server process [9624]
INFO:     Waiting for application startup.
INFO:     Application startup complete.
WARNING:  StatReload detected changes in 'tests/test_billing_webhooks.py'. Reloading...
INFO:     Shutting down
INFO:     Waiting for application shutdown.
INFO:     Application shutdown complete.
INFO:     Finished server process [9624]
INFO:     Started server process [9661]
INFO:     Waiting for application startup.
INFO:     Application startup complete.
WARNING:  StatReload detected changes in 'app/api/billing.py'. Reloading...
INFO:     Shutting down
INFO:     Waiting for application shutdown.
INFO:     Application shutdown complete.
INFO:     Finished server process [9661]
INFO:     Started server process [9723]
INFO:     Waiting for application startup.
INFO:     Application startup complete.
WARNING:  StatReload detected changes in 'app/api/billing.py'. Reloading...
INFO:     Shutting down
INFO:     Waiting for application shutdown.
INFO:     Application shutdown complete.
INFO:     Finished server process [9723]
INFO:     Started server process [9765]
INFO:     Waiting for application startup.
INFO:     Application startup complete.
WARNING:  StatReload detected changes in 'app/api/billing.py'. Reloading...
INFO:     Shutting down
INFO:     Waiting for application shutdown.
INFO:     Application shutdown complete.
INFO:     Finished server process [9765]
INFO:     Started server process [9785]
INFO:     Waiting for application startup.
INFO:     Application startup complete.
WARNING:  StatReload detected changes in 'app/api/billing.py'. Reloading...
INFO:     Shutting down
INFO:     Waiting for application shutdown.
INFO:     Application shutdown complete.
INFO:     Finished server process [9785]
INFO:     Started server process [9844]
INFO:     Waiting for application startup.
INFO:     Application startup complete.
WARNING:  StatReload detected changes in 'app/api/billing.py'. Reloading...
INFO:     Shutting down
INFO:     Waiting for application shutdown.
INFO:     Application shutdown complete.
INFO:     Finished server process [9844]
INFO:     Started server process [9880]
INFO:     Waiting for application startup.
INFO:     Application startup complete.
WARNING:  StatReload detected changes in 'app/api/billing.py'. Reloading...
INFO:     Shutting down
INFO:     Waiting for application shutdown.
INFO:     Application shutdown complete.
INFO:     Finished server process [9880]
INFO:     Started server process [9916]
INFO:     Waiting for application startup.
INFO:     Application startup complete.
WARNING:  StatReload detected changes in 'app/api/billing.py'. Reloading...
INFO:     Shutting down
INFO:     Waiting for application shutdown.
INFO:     Application shutdown complete.
INFO:     Finished server process [9916]
INFO:     Started server process [9971]
INFO:     Waiting for application startup.
INFO:     Application startup complete.
WARNING:  StatReload detected changes in 'app/api/billing.py'. Reloading...
INFO:     Shutting down
INFO:     Waiting for application shutdown.
INFO:     Application shutdown complete.
INFO:     Finished server process [9971]
INFO:     Started server process [10025]
INFO:     Waiting for application startup.
INFO:     Application startup complete.
WARNING:  StatReload detected changes in 'app/api/billing.py'. Reloading...
INFO:     Shutting down
INFO:     Waiting for application shutdown.
INFO:     Application shutdown complete.
INFO:     Finished server process [10025]
INFO:     Started server process [10045]
INFO:     Waiting for application startup.
INFO:     Application startup complete.
WARNING:  StatReload detected changes in 'app/api/billing.py'. Reloading...
INFO:     Shutting down
INFO:     Waiting for application shutdown.
INFO:     Application shutdown complete.
INFO:     Finished server process [10045]
INFO:     Started server process [10076]
INFO:     Waiting for application startup.
INFO:     Application startup complete.
WARNING:  StatReload detected changes in 'app/api/billing.py'. Reloading...
INFO:     Shutting down
INFO:     Waiting for application shutdown.
INFO:     Application shutdown complete.
INFO:     Finished server process [10076]
INFO:     Started server process [10117]
INFO:     Waiting for application startup.
INFO:     Application startup complete.
WARNING:  StatReload detected changes in 'tests/test_billing_webhooks.py'. Reloading...
INFO:     Shutting down
INFO:     Waiting for application shutdown.
INFO:     Application shutdown complete.
INFO:     Finished server process [10117]
INFO:     Started server process [10167]
INFO:     Waiting for application startup.
INFO:     Application startup complete.
WARNING:  StatReload detected changes in 'tests/test_billing_webhooks.py'. Reloading...
INFO:     Shutting down
INFO:     Waiting for application shutdown.
INFO:     Application shutdown complete.
INFO:     Finished server process [10167]
INFO:     Started server process [10204]
INFO:     Waiting for application startup.
INFO:     Application startup complete.
WARNING:  StatReload detected changes in 'tests/test_billing_webhooks.py'. Reloading...
INFO:     Shutting down
INFO:     Waiting for application shutdown.
INFO:     Application shutdown complete.
INFO:     Finished server process [10204]
INFO:     Started server process [10241]
INFO:     Waiting for application startup.
INFO:     Application startup complete.
WARNING:  StatReload detected changes in 'tests/test_billing_webhooks.py'. Reloading...
INFO:     Shutting down
INFO:     Waiting for application shutdown.
INFO:     Application shutdown complete.
INFO:     Finished server process [10241]
INFO:     Started server process [10264]
INFO:     Waiting for application startup.
INFO:     Application startup complete.
WARNING:  StatReload detected changes in 'tests/test_billing_webhooks.py'. Reloading...
INFO:     Shutting down
INFO:     Waiting for application shutdown.
INFO:     Application shutdown complete.
INFO:     Finished server process [10264]
INFO:     Started server process [10280]
INFO:     Waiting for application startup.
INFO:     Application startup complete.
WARNING:  StatReload detected changes in 'scripts/fetch_event_calendars.py'. Reloading...
INFO:     Shutting down
INFO:     Waiting for application shutdown.
INFO:     Application shutdown complete.
INFO:     Finished server process [10280]
INFO:     Started server process [10406]
INFO:     Waiting for application startup.
INFO:     Application startup complete.
WARNING:  StatReload detected changes in 'scripts/fetch_weather_data.py'. Reloading...
INFO:     Shutting down
INFO:     Waiting for application shutdown.
INFO:     Application shutdown complete.
INFO:     Finished server process [10406]
INFO:     Started server process [10719]
INFO:     Waiting for application startup.
INFO:     Application startup complete.
WARNING:  StatReload detected changes in 'scripts/fetch_weather_data.py'. Reloading...
INFO:     Shutting down
INFO:     Waiting for application shutdown.
INFO:     Application shutdown complete.
INFO:     Finished server process [10719]
INFO:     Started server process [10730]
INFO:     Waiting for application startup.
INFO:     Application startup complete.
WARNING:  StatReload detected changes in 'scripts/store_data_postgres.py'. Reloading...
INFO:     Shutting down
INFO:     Waiting for application shutdown.
INFO:     Application shutdown complete.
INFO:     Finished server process [10730]
INFO:     Started server process [10776]
INFO:     Waiting for application startup.
INFO:     Application startup complete.
WARNING:  StatReload detected changes in 'scripts/store_data_postgres.py'. Reloading...
INFO:     Shutting down
INFO:     Waiting for application shutdown.
INFO:     Application shutdown complete.
INFO:     Finished server process [10776]
INFO:     Started server process [10785]
INFO:     Waiting for application startup.
INFO:     Application startup complete.
WARNING:  StatReload detected changes in 'scripts/schedule_etl_jobs.py'. Reloading...
INFO:     Shutting down
INFO:     Waiting for application shutdown.
INFO:     Application shutdown complete.
INFO:     Finished server process [10785]
INFO:     Started server process [10803]
INFO:     Waiting for application startup.
INFO:     Application startup complete.
WARNING:  StatReload detected changes in 'scripts/schedule_etl_jobs.py'. Reloading...
INFO:     Shutting down
INFO:     Waiting for application shutdown.
INFO:     Application shutdown complete.
INFO:     Finished server process [10803]
INFO:     Started server process [10900]
INFO:     Waiting for application startup.
INFO:     Application startup complete.
WARNING:  StatReload detected changes in 'scripts/schedule_etl_jobs.py'. Reloading...
INFO:     Shutting down
INFO:     Waiting for application shutdown.
INFO:     Application shutdown complete.
INFO:     Finished server process [10900]
INFO:     Started server process [10919]
INFO:     Waiting for application startup.
INFO:     Application startup complete.
WARNING:  StatReload detected changes in 'scripts/dynamic_pricing.py'. Reloading...
INFO:     Shutting down
INFO:     Waiting for application shutdown.
INFO:     Application shutdown complete.
INFO:     Finished server process [10919]
INFO:     Started server process [10964]
INFO:     Waiting for application startup.
INFO:     Application startup complete.
WARNING:  StatReload detected changes in 'scripts/dynamic_pricing.py'. Reloading...
INFO:     Shutting down
INFO:     Waiting for application shutdown.
INFO:     Application shutdown complete.
INFO:     Finished server process [10964]
INFO:     Started server process [10977]
INFO:     Waiting for application startup.
INFO:     Application startup complete.
WARNING:  StatReload detected changes in 'scripts/dynamic_pricing.py'. Reloading...
INFO:     Shutting down
INFO:     Waiting for application shutdown.
INFO:     Application shutdown complete.
INFO:     Finished server process [10977]
INFO:     Started server process [10991]
INFO:     Waiting for application startup.
INFO:     Application startup complete.
WARNING:  StatReload detected changes in 'scripts/persona_llm_descriptions.py'. Reloading...
INFO:     Shutting down
INFO:     Waiting for application shutdown.
INFO:     Application shutdown complete.
INFO:     Finished server process [10991]
INFO:     Started server process [11061]
INFO:     Waiting for application startup.
INFO:     Application startup complete.
WARNING:  StatReload detected changes in 'scripts/persona_llm_descriptions.py'. Reloading...
INFO:     Shutting down
INFO:     Waiting for application shutdown.
INFO:     Application shutdown complete.
INFO:     Finished server process [11061]
INFO:     Started server process [11368]
INFO:     Waiting for application startup.
INFO:     Application startup complete.
WARNING:  StatReload detected changes in 'scripts/persona_llm_descriptions.py'. Reloading...
INFO:     Shutting down
INFO:     Waiting for application shutdown.
INFO:     Application shutdown complete.
INFO:     Finished server process [11368]
INFO:     Started server process [11444]
INFO:     Waiting for application startup.
INFO:     Application startup complete.
WARNING:  StatReload detected changes in 'scripts/campaign_llm_content.py'. Reloading...
INFO:     Shutting down
INFO:     Waiting for application shutdown.
INFO:     Application shutdown complete.
INFO:     Finished server process [11444]
INFO:     Started server process [11455]
INFO:     Waiting for application startup.
INFO:     Application startup complete.
WARNING:  StatReload detected changes in 'lambda_inference.py'. Reloading...
INFO:     Shutting down
INFO:     Waiting for application shutdown.
INFO:     Application shutdown complete.
INFO:     Finished server process [11455]
INFO:     Started server process [11565]
INFO:     Waiting for application startup.
INFO:     Application startup complete.
WARNING:  StatReload detected changes in 'tests/test_crm.py'. Reloading...
INFO:     Shutting down
INFO:     Waiting for application shutdown.
INFO:     Application shutdown complete.
INFO:     Finished server process [11565]
INFO:     Started server process [11965]
INFO:     Waiting for application startup.
INFO:     Application startup complete.
WARNING:  StatReload detected changes in 'scripts/init_db.py'. Reloading...
INFO:     Shutting down
INFO:     Waiting for application shutdown.
INFO:     Application shutdown complete.
INFO:     Finished server process [11965]
INFO:     Started server process [12010]
INFO:     Waiting for application startup.
INFO:     Application startup complete.
WARNING:  StatReload detected changes in 'scripts/init_db.py'. Reloading...
INFO:     Shutting down
INFO:     Waiting for application shutdown.
INFO:     Application shutdown complete.
INFO:     Finished server process [12010]
INFO:     Started server process [12086]
INFO:     Waiting for application startup.
INFO:     Application startup complete.
WARNING:  StatReload detected changes in 'tests/test_crm.py'. Reloading...
INFO:     Shutting down
INFO:     Waiting for application shutdown.
INFO:     Application shutdown complete.
INFO:     Finished server process [12086]
INFO:     Started server process [12173]
INFO:     Waiting for application startup.
INFO:     Application startup complete.
WARNING:  StatReload detected changes in 'tests/test_crm.py'. Reloading...
INFO:     Shutting down
INFO:     Waiting for application shutdown.
INFO:     Application shutdown complete.
INFO:     Finished server process [12173]
INFO:     Started server process [12215]
INFO:     Waiting for application startup.
INFO:     Application startup complete.
WARNING:  StatReload detected changes in 'tests/test_crm.py'. Reloading...
INFO:     Shutting down
INFO:     Waiting for application shutdown.
INFO:     Application shutdown complete.
INFO:     Finished server process [12215]
INFO:     Started server process [12229]
INFO:     Waiting for application startup.
INFO:     Application startup complete.
WARNING:  StatReload detected changes in 'tests/test_crm.py'. Reloading...
INFO:     Shutting down
INFO:     Waiting for application shutdown.
INFO:     Application shutdown complete.
INFO:     Finished server process [12229]
INFO:     Started server process [12240]
INFO:     Waiting for application startup.
INFO:     Application startup complete.
WARNING:  StatReload detected changes in 'tests/test_crm.py'. Reloading...
INFO:     Shutting down
INFO:     Waiting for application shutdown.
INFO:     Application shutdown complete.
INFO:     Finished server process [12240]
INFO:     Started server process [12251]
INFO:     Waiting for application startup.
INFO:     Application startup complete.
WARNING:  StatReload detected changes in 'tests/test_crm.py'. Reloading...
INFO:     Shutting down
INFO:     Waiting for application shutdown.
INFO:     Application shutdown complete.
INFO:     Finished server process [12251]
INFO:     Started server process [12260]
INFO:     Waiting for application startup.
INFO:     Application startup complete.
WARNING:  StatReload detected changes in 'tests/test_crm.py'. Reloading...
INFO:     Shutting down
INFO:     Waiting for application shutdown.
INFO:     Application shutdown complete.
INFO:     Finished server process [12260]
INFO:     Started server process [12560]
INFO:     Waiting for application startup.
INFO:     Application startup complete.
WARNING:  StatReload detected changes in 'app/api/crm.py'. Reloading...
INFO:     Shutting down
INFO:     Waiting for application shutdown.
INFO:     Application shutdown complete.
INFO:     Finished server process [12560]
INFO:     Started server process [12621]
INFO:     Waiting for application startup.
INFO:     Application startup complete.
WARNING:  StatReload detected changes in 'app/api/crm.py'. Reloading...
INFO:     Shutting down
INFO:     Waiting for application shutdown.
INFO:     Application shutdown complete.
INFO:     Finished server process [12621]
Process SpawnProcess-73:
Traceback (most recent call last):
  File "/usr/lib/python3.10/multiprocessing/process.py", line 314, in _bootstrap
    self.run()
  File "/usr/lib/python3.10/multiprocessing/process.py", line 108, in run
    self._target(*self._args, **self._kwargs)
  File "/mnt/c/Users/desib/OneDrive/Desktop/Tourism/backend/.venv/lib/python3.10/site-packages/uvicorn/_subprocess.py", line 80, in subprocess_started
    target(sockets=sockets)
  File "/mnt/c/Users/desib/OneDrive/Desktop/Tourism/backend/.venv/lib/python3.10/site-packages/uvicorn/server.py", line 67, in run
    return asyncio.run(self.serve(sockets=sockets))
  File "/usr/lib/python3.10/asyncio/runners.py", line 44, in run
    return loop.run_until_complete(main)
  File "/usr/lib/python3.10/asyncio/base_events.py", line 649, in run_until_complete
    return future.result()
  File "/mnt/c/Users/desib/OneDrive/Desktop/Tourism/backend/.venv/lib/python3.10/site-packages/uvicorn/server.py", line 71, in serve
    await self._serve(sockets)
  File "/mnt/c/Users/desib/OneDrive/Desktop/Tourism/backend/.venv/lib/python3.10/site-packages/uvicorn/server.py", line 78, in _serve
    config.load()
  File "/mnt/c/Users/desib/OneDrive/Desktop/Tourism/backend/.venv/lib/python3.10/site-packages/uvicorn/config.py", line 436, in load
    self.loaded_app = import_from_string(self.app)
  File "/mnt/c/Users/desib/OneDrive/Desktop/Tourism/backend/.venv/lib/python3.10/site-packages/uvicorn/importer.py", line 19, in import_from_string
    module = importlib.import_module(module_str)
  File "/usr/lib/python3.10/importlib/__init__.py", line 126, in import_module
    return _bootstrap._gcd_import(name[level:], package, level)
  File "<frozen importlib._bootstrap>", line 1050, in _gcd_import
  File "<frozen importlib._bootstrap>", line 1027, in _find_and_load
  File "<frozen importlib._bootstrap>", line 1006, in _find_and_load_unlocked
  File "<frozen importlib._bootstrap>", line 688, in _load_unlocked
  File "<frozen importlib._bootstrap_external>", line 883, in exec_module
  File "<frozen importlib._bootstrap>", line 241, in _call_with_frames_removed
  File "/mnt/c/Users/desib/OneDrive/Desktop/Tourism/backend/main.py", line 2, in <module>
    from app.api import forecast, pricing, personas, campaigns, chatbot, auth, billing, crm, offers
  File "/mnt/c/Users/desib/OneDrive/Desktop/Tourism/backend/app/api/crm.py", line 17
    from app.db import get_db
    ^^^^
IndentationError: expected an indented block after class definition on line 16
WARNING:  StatReload detected changes in 'app/api/crm.py'. Reloading...
INFO:     Started server process [12686]
INFO:     Waiting for application startup.
INFO:     Application startup complete.
WARNING:  StatReload detected changes in 'app/api/crm.py'. Reloading...
INFO:     Shutting down
INFO:     Waiting for application shutdown.
INFO:     Application shutdown complete.
INFO:     Finished server process [12686]
Process SpawnProcess-75:
Traceback (most recent call last):
  File "/usr/lib/python3.10/multiprocessing/process.py", line 314, in _bootstrap
    self.run()
  File "/usr/lib/python3.10/multiprocessing/process.py", line 108, in run
    self._target(*self._args, **self._kwargs)
  File "/mnt/c/Users/desib/OneDrive/Desktop/Tourism/backend/.venv/lib/python3.10/site-packages/uvicorn/_subprocess.py", line 80, in subprocess_started
    target(sockets=sockets)
  File "/mnt/c/Users/desib/OneDrive/Desktop/Tourism/backend/.venv/lib/python3.10/site-packages/uvicorn/server.py", line 67, in run
    return asyncio.run(self.serve(sockets=sockets))
  File "/usr/lib/python3.10/asyncio/runners.py", line 44, in run
    return loop.run_until_complete(main)
  File "/usr/lib/python3.10/asyncio/base_events.py", line 649, in run_until_complete
    return future.result()
  File "/mnt/c/Users/desib/OneDrive/Desktop/Tourism/backend/.venv/lib/python3.10/site-packages/uvicorn/server.py", line 71, in serve
    await self._serve(sockets)
  File "/mnt/c/Users/desib/OneDrive/Desktop/Tourism/backend/.venv/lib/python3.10/site-packages/uvicorn/server.py", line 78, in _serve
    config.load()
  File "/mnt/c/Users/desib/OneDrive/Desktop/Tourism/backend/.venv/lib/python3.10/site-packages/uvicorn/config.py", line 436, in load
    self.loaded_app = import_from_string(self.app)
  File "/mnt/c/Users/desib/OneDrive/Desktop/Tourism/backend/.venv/lib/python3.10/site-packages/uvicorn/importer.py", line 19, in import_from_string
    module = importlib.import_module(module_str)
  File "/usr/lib/python3.10/importlib/__init__.py", line 126, in import_module
    return _bootstrap._gcd_import(name[level:], package, level)
  File "<frozen importlib._bootstrap>", line 1050, in _gcd_import
  File "<frozen importlib._bootstrap>", line 1027, in _find_and_load
  File "<frozen importlib._bootstrap>", line 1006, in _find_and_load_unlocked
  File "<frozen importlib._bootstrap>", line 688, in _load_unlocked
  File "<frozen importlib._bootstrap_external>", line 883, in exec_module
  File "<frozen importlib._bootstrap>", line 241, in _call_with_frames_removed
  File "/mnt/c/Users/desib/OneDrive/Desktop/Tourism/backend/main.py", line 2, in <module>
    from app.api import forecast, pricing, personas, campaigns, chatbot, auth, billing, crm, offers
  File "/mnt/c/Users/desib/OneDrive/Desktop/Tourism/backend/app/api/crm.py", line 25
    def sync_lead(
                 ^
SyntaxError: '(' was never closed
WARNING:  StatReload detected changes in 'app/api/crm.py'. Reloading...
Process SpawnProcess-76:
Traceback (most recent call last):
  File "/usr/lib/python3.10/multiprocessing/process.py", line 314, in _bootstrap
    self.run()
  File "/usr/lib/python3.10/multiprocessing/process.py", line 108, in run
    self._target(*self._args, **self._kwargs)
  File "/mnt/c/Users/desib/OneDrive/Desktop/Tourism/backend/.venv/lib/python3.10/site-packages/uvicorn/_subprocess.py", line 80, in subprocess_started
    target(sockets=sockets)
  File "/mnt/c/Users/desib/OneDrive/Desktop/Tourism/backend/.venv/lib/python3.10/site-packages/uvicorn/server.py", line 67, in run
    return asyncio.run(self.serve(sockets=sockets))
  File "/usr/lib/python3.10/asyncio/runners.py", line 44, in run
    return loop.run_until_complete(main)
  File "/usr/lib/python3.10/asyncio/base_events.py", line 649, in run_until_complete
    return future.result()
  File "/mnt/c/Users/desib/OneDrive/Desktop/Tourism/backend/.venv/lib/python3.10/site-packages/uvicorn/server.py", line 71, in serve
    await self._serve(sockets)
  File "/mnt/c/Users/desib/OneDrive/Desktop/Tourism/backend/.venv/lib/python3.10/site-packages/uvicorn/server.py", line 78, in _serve
    config.load()
  File "/mnt/c/Users/desib/OneDrive/Desktop/Tourism/backend/.venv/lib/python3.10/site-packages/uvicorn/config.py", line 436, in load
    self.loaded_app = import_from_string(self.app)
  File "/mnt/c/Users/desib/OneDrive/Desktop/Tourism/backend/.venv/lib/python3.10/site-packages/uvicorn/importer.py", line 19, in import_from_string
    module = importlib.import_module(module_str)
  File "/usr/lib/python3.10/importlib/__init__.py", line 126, in import_module
    return _bootstrap._gcd_import(name[level:], package, level)
  File "<frozen importlib._bootstrap>", line 1050, in _gcd_import
  File "<frozen importlib._bootstrap>", line 1027, in _find_and_load
  File "<frozen importlib._bootstrap>", line 1006, in _find_and_load_unlocked
  File "<frozen importlib._bootstrap>", line 688, in _load_unlocked
  File "<frozen importlib._bootstrap_external>", line 883, in exec_module
  File "<frozen importlib._bootstrap>", line 241, in _call_with_frames_removed
  File "/mnt/c/Users/desib/OneDrive/Desktop/Tourism/backend/main.py", line 2, in <module>
    from app.api import forecast, pricing, personas, campaigns, chatbot, auth, billing, crm, offers
  File "/mnt/c/Users/desib/OneDrive/Desktop/Tourism/backend/app/api/crm.py", line 223
    @router.post("/sync", status_code=status.HTTP_200_OK)
SyntaxError: expected 'except' or 'finally' block
WARNING:  StatReload detected changes in 'tests/conftest.py'. Reloading...
INFO:     Started server process [12993]
INFO:     Waiting for application startup.
INFO:     Application startup complete.
WARNING:  StatReload detected changes in 'app/api/billing.py'. Reloading...
INFO:     Shutting down
INFO:     Waiting for application shutdown.
INFO:     Application shutdown complete.
INFO:     Finished server process [12993]
INFO:     Started server process [13048]
INFO:     Waiting for application startup.
INFO:     Application startup complete.
WARNING:  StatReload detected changes in 'app/api/billing.py'. Reloading...
INFO:     Shutting down
INFO:     Waiting for application shutdown.
INFO:     Application shutdown complete.
INFO:     Finished server process [13048]
Process SpawnProcess-79:
Traceback (most recent call last):
  File "/usr/lib/python3.10/multiprocessing/process.py", line 314, in _bootstrap
    self.run()
  File "/usr/lib/python3.10/multiprocessing/process.py", line 108, in run
    self._target(*self._args, **self._kwargs)
  File "/mnt/c/Users/desib/OneDrive/Desktop/Tourism/backend/.venv/lib/python3.10/site-packages/uvicorn/_subprocess.py", line 80, in subprocess_started
    target(sockets=sockets)
  File "/mnt/c/Users/desib/OneDrive/Desktop/Tourism/backend/.venv/lib/python3.10/site-packages/uvicorn/server.py", line 67, in run
    return asyncio.run(self.serve(sockets=sockets))
  File "/usr/lib/python3.10/asyncio/runners.py", line 44, in run
    return loop.run_until_complete(main)
  File "/usr/lib/python3.10/asyncio/base_events.py", line 649, in run_until_complete
    return future.result()
  File "/mnt/c/Users/desib/OneDrive/Desktop/Tourism/backend/.venv/lib/python3.10/site-packages/uvicorn/server.py", line 71, in serve
    await self._serve(sockets)
  File "/mnt/c/Users/desib/OneDrive/Desktop/Tourism/backend/.venv/lib/python3.10/site-packages/uvicorn/server.py", line 78, in _serve
    config.load()
  File "/mnt/c/Users/desib/OneDrive/Desktop/Tourism/backend/.venv/lib/python3.10/site-packages/uvicorn/config.py", line 436, in load
    self.loaded_app = import_from_string(self.app)
  File "/mnt/c/Users/desib/OneDrive/Desktop/Tourism/backend/.venv/lib/python3.10/site-packages/uvicorn/importer.py", line 19, in import_from_string
    module = importlib.import_module(module_str)
  File "/usr/lib/python3.10/importlib/__init__.py", line 126, in import_module
    return _bootstrap._gcd_import(name[level:], package, level)
  File "<frozen importlib._bootstrap>", line 1050, in _gcd_import
  File "<frozen importlib._bootstrap>", line 1027, in _find_and_load
  File "<frozen importlib._bootstrap>", line 1006, in _find_and_load_unlocked
  File "<frozen importlib._bootstrap>", line 688, in _load_unlocked
  File "<frozen importlib._bootstrap_external>", line 883, in exec_module
  File "<frozen importlib._bootstrap>", line 241, in _call_with_frames_removed
  File "/mnt/c/Users/desib/OneDrive/Desktop/Tourism/backend/main.py", line 2, in <module>
    from app.api import forecast, pricing, personas, campaigns, chatbot, auth, billing, crm, offers
  File "/mnt/c/Users/desib/OneDrive/Desktop/Tourism/backend/app/api/crm.py", line 39
    DBLead = cast(Any, _DBLead)  # Correct indentation
    ^^^^^^
SyntaxError: expected 'except' or 'finally' block
WARNING:  StatReload detected changes in 'tests/conftest.py'. Reloading...
INFO:     Started server process [13414]
INFO:     Waiting for application startup.
INFO:     Application startup complete.
WARNING:  StatReload detected changes in 'tests/conftest.py'. Reloading...
INFO:     Shutting down
INFO:     Waiting for application shutdown.
INFO:     Application shutdown complete.
INFO:     Finished server process [13414]
INFO:     Started server process [13425]
INFO:     Waiting for application startup.
INFO:     Application startup complete.
WARNING:  StatReload detected changes in 'app/main.py'. Reloading...
INFO:     Shutting down
INFO:     Waiting for application shutdown.
INFO:     Application shutdown complete.
INFO:     Finished server process [13425]
INFO:     Started server process [13751]
INFO:     Waiting for application startup.
INFO:     Application startup complete.
WARNING:  StatReload detected changes in 'app/api/billing.py'. Reloading...
INFO:     Shutting down
INFO:     Waiting for application shutdown.
INFO:     Application shutdown complete.
INFO:     Finished server process [13751]
Process SpawnProcess-83:
Traceback (most recent call last):
  File "/usr/lib/python3.10/multiprocessing/process.py", line 314, in _bootstrap
    self.run()
  File "/usr/lib/python3.10/multiprocessing/process.py", line 108, in run
    self._target(*self._args, **self._kwargs)
  File "/mnt/c/Users/desib/OneDrive/Desktop/Tourism/backend/.venv/lib/python3.10/site-packages/uvicorn/_subprocess.py", line 80, in subprocess_started
    target(sockets=sockets)
  File "/mnt/c/Users/desib/OneDrive/Desktop/Tourism/backend/.venv/lib/python3.10/site-packages/uvicorn/server.py", line 67, in run
    return asyncio.run(self.serve(sockets=sockets))
  File "/usr/lib/python3.10/asyncio/runners.py", line 44, in run
    return loop.run_until_complete(main)
  File "/usr/lib/python3.10/asyncio/base_events.py", line 649, in run_until_complete
    return future.result()
  File "/mnt/c/Users/desib/OneDrive/Desktop/Tourism/backend/.venv/lib/python3.10/site-packages/uvicorn/server.py", line 71, in serve
    await self._serve(sockets)
  File "/mnt/c/Users/desib/OneDrive/Desktop/Tourism/backend/.venv/lib/python3.10/site-packages/uvicorn/server.py", line 78, in _serve
    config.load()
  File "/mnt/c/Users/desib/OneDrive/Desktop/Tourism/backend/.venv/lib/python3.10/site-packages/uvicorn/config.py", line 436, in load
    self.loaded_app = import_from_string(self.app)
  File "/mnt/c/Users/desib/OneDrive/Desktop/Tourism/backend/.venv/lib/python3.10/site-packages/uvicorn/importer.py", line 22, in import_from_string
    raise exc from None
  File "/mnt/c/Users/desib/OneDrive/Desktop/Tourism/backend/.venv/lib/python3.10/site-packages/uvicorn/importer.py", line 19, in import_from_string
    module = importlib.import_module(module_str)
  File "/usr/lib/python3.10/importlib/__init__.py", line 126, in import_module
    return _bootstrap._gcd_import(name[level:], package, level)
  File "<frozen importlib._bootstrap>", line 1050, in _gcd_import
  File "<frozen importlib._bootstrap>", line 1027, in _find_and_load
  File "<frozen importlib._bootstrap>", line 1006, in _find_and_load_unlocked
  File "<frozen importlib._bootstrap>", line 688, in _load_unlocked
  File "<frozen importlib._bootstrap_external>", line 883, in exec_module
  File "<frozen importlib._bootstrap>", line 241, in _call_with_frames_removed
  File "/mnt/c/Users/desib/OneDrive/Desktop/Tourism/backend/main.py", line 2, in <module>
    from app.api import forecast, pricing, personas, campaigns, chatbot, auth, billing, crm, offers
  File "/mnt/c/Users/desib/OneDrive/Desktop/Tourism/backend/app/api/billing.py", line 5, in <module>
    from backend.app.db import get_db
ModuleNotFoundError: No module named 'backend'
WARNING:  StatReload detected changes in 'main.py'. Reloading...
Process SpawnProcess-84:
Traceback (most recent call last):
  File "/usr/lib/python3.10/multiprocessing/process.py", line 314, in _bootstrap
    self.run()
  File "/usr/lib/python3.10/multiprocessing/process.py", line 108, in run
    self._target(*self._args, **self._kwargs)
  File "/mnt/c/Users/desib/OneDrive/Desktop/Tourism/backend/.venv/lib/python3.10/site-packages/uvicorn/_subprocess.py", line 80, in subprocess_started
    target(sockets=sockets)
  File "/mnt/c/Users/desib/OneDrive/Desktop/Tourism/backend/.venv/lib/python3.10/site-packages/uvicorn/server.py", line 67, in run
    return asyncio.run(self.serve(sockets=sockets))
  File "/usr/lib/python3.10/asyncio/runners.py", line 44, in run
    return loop.run_until_complete(main)
  File "/usr/lib/python3.10/asyncio/base_events.py", line 649, in run_until_complete
    return future.result()
  File "/mnt/c/Users/desib/OneDrive/Desktop/Tourism/backend/.venv/lib/python3.10/site-packages/uvicorn/server.py", line 71, in serve
    await self._serve(sockets)
  File "/mnt/c/Users/desib/OneDrive/Desktop/Tourism/backend/.venv/lib/python3.10/site-packages/uvicorn/server.py", line 78, in _serve
    config.load()
  File "/mnt/c/Users/desib/OneDrive/Desktop/Tourism/backend/.venv/lib/python3.10/site-packages/uvicorn/config.py", line 436, in load
    self.loaded_app = import_from_string(self.app)
  File "/mnt/c/Users/desib/OneDrive/Desktop/Tourism/backend/.venv/lib/python3.10/site-packages/uvicorn/importer.py", line 22, in import_from_string
    raise exc from None
  File "/mnt/c/Users/desib/OneDrive/Desktop/Tourism/backend/.venv/lib/python3.10/site-packages/uvicorn/importer.py", line 19, in import_from_string
    module = importlib.import_module(module_str)
  File "/usr/lib/python3.10/importlib/__init__.py", line 126, in import_module
    return _bootstrap._gcd_import(name[level:], package, level)
  File "<frozen importlib._bootstrap>", line 1050, in _gcd_import
  File "<frozen importlib._bootstrap>", line 1027, in _find_and_load
  File "<frozen importlib._bootstrap>", line 1006, in _find_and_load_unlocked
  File "<frozen importlib._bootstrap>", line 688, in _load_unlocked
  File "<frozen importlib._bootstrap_external>", line 883, in exec_module
  File "<frozen importlib._bootstrap>", line 241, in _call_with_frames_removed
  File "/mnt/c/Users/desib/OneDrive/Desktop/Tourism/backend/main.py", line 2, in <module>
    from backend.app.api import forecast, pricing, personas, campaigns, chatbot, auth, billing, crm, offers
ModuleNotFoundError: No module named 'backend'
WARNING:  StatReload detected changes in 'app/api/auth.py'. Reloading...
Process SpawnProcess-85:
Traceback (most recent call last):
  File "/usr/lib/python3.10/multiprocessing/process.py", line 314, in _bootstrap
    self.run()
  File "/usr/lib/python3.10/multiprocessing/process.py", line 108, in run
    self._target(*self._args, **self._kwargs)
  File "/mnt/c/Users/desib/OneDrive/Desktop/Tourism/backend/.venv/lib/python3.10/site-packages/uvicorn/_subprocess.py", line 80, in subprocess_started
    target(sockets=sockets)
  File "/mnt/c/Users/desib/OneDrive/Desktop/Tourism/backend/.venv/lib/python3.10/site-packages/uvicorn/server.py", line 67, in run
    return asyncio.run(self.serve(sockets=sockets))
  File "/usr/lib/python3.10/asyncio/runners.py", line 44, in run
    return loop.run_until_complete(main)
  File "/usr/lib/python3.10/asyncio/base_events.py", line 649, in run_until_complete
    return future.result()
  File "/mnt/c/Users/desib/OneDrive/Desktop/Tourism/backend/.venv/lib/python3.10/site-packages/uvicorn/server.py", line 71, in serve
    await self._serve(sockets)
  File "/mnt/c/Users/desib/OneDrive/Desktop/Tourism/backend/.venv/lib/python3.10/site-packages/uvicorn/server.py", line 78, in _serve
    config.load()
  File "/mnt/c/Users/desib/OneDrive/Desktop/Tourism/backend/.venv/lib/python3.10/site-packages/uvicorn/config.py", line 436, in load
    self.loaded_app = import_from_string(self.app)
  File "/mnt/c/Users/desib/OneDrive/Desktop/Tourism/backend/.venv/lib/python3.10/site-packages/uvicorn/importer.py", line 22, in import_from_string
    raise exc from None
  File "/mnt/c/Users/desib/OneDrive/Desktop/Tourism/backend/.venv/lib/python3.10/site-packages/uvicorn/importer.py", line 19, in import_from_string
    module = importlib.import_module(module_str)
  File "/usr/lib/python3.10/importlib/__init__.py", line 126, in import_module
    return _bootstrap._gcd_import(name[level:], package, level)
  File "<frozen importlib._bootstrap>", line 1050, in _gcd_import
  File "<frozen importlib._bootstrap>", line 1027, in _find_and_load
  File "<frozen importlib._bootstrap>", line 1006, in _find_and_load_unlocked
  File "<frozen importlib._bootstrap>", line 688, in _load_unlocked
  File "<frozen importlib._bootstrap_external>", line 883, in exec_module
  File "<frozen importlib._bootstrap>", line 241, in _call_with_frames_removed
  File "/mnt/c/Users/desib/OneDrive/Desktop/Tourism/backend/main.py", line 2, in <module>
    from backend.app.api import forecast, pricing, personas, campaigns, chatbot, auth, billing, crm, offers
ModuleNotFoundError: No module named 'backend'
WARNING:  StatReload detected changes in '__init__.py'. Reloading...
Process SpawnProcess-86:
Traceback (most recent call last):
  File "/usr/lib/python3.10/multiprocessing/process.py", line 314, in _bootstrap
    self.run()
  File "/usr/lib/python3.10/multiprocessing/process.py", line 108, in run
    self._target(*self._args, **self._kwargs)
  File "/mnt/c/Users/desib/OneDrive/Desktop/Tourism/backend/.venv/lib/python3.10/site-packages/uvicorn/_subprocess.py", line 80, in subprocess_started
    target(sockets=sockets)
  File "/mnt/c/Users/desib/OneDrive/Desktop/Tourism/backend/.venv/lib/python3.10/site-packages/uvicorn/server.py", line 67, in run
    return asyncio.run(self.serve(sockets=sockets))
  File "/usr/lib/python3.10/asyncio/runners.py", line 44, in run
    return loop.run_until_complete(main)
  File "/usr/lib/python3.10/asyncio/base_events.py", line 649, in run_until_complete
    return future.result()
  File "/mnt/c/Users/desib/OneDrive/Desktop/Tourism/backend/.venv/lib/python3.10/site-packages/uvicorn/server.py", line 71, in serve
    await self._serve(sockets)
  File "/mnt/c/Users/desib/OneDrive/Desktop/Tourism/backend/.venv/lib/python3.10/site-packages/uvicorn/server.py", line 78, in _serve
    config.load()
  File "/mnt/c/Users/desib/OneDrive/Desktop/Tourism/backend/.venv/lib/python3.10/site-packages/uvicorn/config.py", line 436, in load
    self.loaded_app = import_from_string(self.app)
  File "/mnt/c/Users/desib/OneDrive/Desktop/Tourism/backend/.venv/lib/python3.10/site-packages/uvicorn/importer.py", line 22, in import_from_string
    raise exc from None
  File "/mnt/c/Users/desib/OneDrive/Desktop/Tourism/backend/.venv/lib/python3.10/site-packages/uvicorn/importer.py", line 19, in import_from_string
    module = importlib.import_module(module_str)
  File "/usr/lib/python3.10/importlib/__init__.py", line 126, in import_module
    return _bootstrap._gcd_import(name[level:], package, level)
  File "<frozen importlib._bootstrap>", line 1050, in _gcd_import
  File "<frozen importlib._bootstrap>", line 1027, in _find_and_load
  File "<frozen importlib._bootstrap>", line 1006, in _find_and_load_unlocked
  File "<frozen importlib._bootstrap>", line 688, in _load_unlocked
  File "<frozen importlib._bootstrap_external>", line 883, in exec_module
  File "<frozen importlib._bootstrap>", line 241, in _call_with_frames_removed
  File "/mnt/c/Users/desib/OneDrive/Desktop/Tourism/backend/main.py", line 2, in <module>
    from backend.app.api import forecast, pricing, personas, campaigns, chatbot, auth, billing, crm, offers
ModuleNotFoundError: No module named 'backend'
WARNING:  StatReload detected changes in 'app/main.py'. Reloading...
Process SpawnProcess-87:
Traceback (most recent call last):
  File "/usr/lib/python3.10/multiprocessing/process.py", line 314, in _bootstrap
    self.run()
  File "/usr/lib/python3.10/multiprocessing/process.py", line 108, in run
    self._target(*self._args, **self._kwargs)
  File "/mnt/c/Users/desib/OneDrive/Desktop/Tourism/backend/.venv/lib/python3.10/site-packages/uvicorn/_subprocess.py", line 80, in subprocess_started
    target(sockets=sockets)
  File "/mnt/c/Users/desib/OneDrive/Desktop/Tourism/backend/.venv/lib/python3.10/site-packages/uvicorn/server.py", line 67, in run
    return asyncio.run(self.serve(sockets=sockets))
  File "/usr/lib/python3.10/asyncio/runners.py", line 44, in run
    return loop.run_until_complete(main)
  File "/usr/lib/python3.10/asyncio/base_events.py", line 649, in run_until_complete
    return future.result()
  File "/mnt/c/Users/desib/OneDrive/Desktop/Tourism/backend/.venv/lib/python3.10/site-packages/uvicorn/server.py", line 71, in serve
    await self._serve(sockets)
  File "/mnt/c/Users/desib/OneDrive/Desktop/Tourism/backend/.venv/lib/python3.10/site-packages/uvicorn/server.py", line 78, in _serve
    config.load()
  File "/mnt/c/Users/desib/OneDrive/Desktop/Tourism/backend/.venv/lib/python3.10/site-packages/uvicorn/config.py", line 436, in load
    self.loaded_app = import_from_string(self.app)
  File "/mnt/c/Users/desib/OneDrive/Desktop/Tourism/backend/.venv/lib/python3.10/site-packages/uvicorn/importer.py", line 22, in import_from_string
    raise exc from None
  File "/mnt/c/Users/desib/OneDrive/Desktop/Tourism/backend/.venv/lib/python3.10/site-packages/uvicorn/importer.py", line 19, in import_from_string
    module = importlib.import_module(module_str)
  File "/usr/lib/python3.10/importlib/__init__.py", line 126, in import_module
    return _bootstrap._gcd_import(name[level:], package, level)
  File "<frozen importlib._bootstrap>", line 1050, in _gcd_import
  File "<frozen importlib._bootstrap>", line 1027, in _find_and_load
  File "<frozen importlib._bootstrap>", line 1006, in _find_and_load_unlocked
  File "<frozen importlib._bootstrap>", line 688, in _load_unlocked
  File "<frozen importlib._bootstrap_external>", line 883, in exec_module
  File "<frozen importlib._bootstrap>", line 241, in _call_with_frames_removed
  File "/mnt/c/Users/desib/OneDrive/Desktop/Tourism/backend/main.py", line 2, in <module>
    from backend.app.api import forecast, pricing, personas, campaigns, chatbot, auth, billing, crm, offers
ModuleNotFoundError: No module named 'backend'
WARNING:  StatReload detected changes in 'tests/conftest.py'. Reloading...
Process SpawnProcess-88:
Traceback (most recent call last):
  File "/usr/lib/python3.10/multiprocessing/process.py", line 314, in _bootstrap
    self.run()
  File "/usr/lib/python3.10/multiprocessing/process.py", line 108, in run
    self._target(*self._args, **self._kwargs)
  File "/mnt/c/Users/desib/OneDrive/Desktop/Tourism/backend/.venv/lib/python3.10/site-packages/uvicorn/_subprocess.py", line 80, in subprocess_started
    target(sockets=sockets)
  File "/mnt/c/Users/desib/OneDrive/Desktop/Tourism/backend/.venv/lib/python3.10/site-packages/uvicorn/server.py", line 67, in run
    return asyncio.run(self.serve(sockets=sockets))
  File "/usr/lib/python3.10/asyncio/runners.py", line 44, in run
    return loop.run_until_complete(main)
  File "/usr/lib/python3.10/asyncio/base_events.py", line 649, in run_until_complete
    return future.result()
  File "/mnt/c/Users/desib/OneDrive/Desktop/Tourism/backend/.venv/lib/python3.10/site-packages/uvicorn/server.py", line 71, in serve
    await self._serve(sockets)
  File "/mnt/c/Users/desib/OneDrive/Desktop/Tourism/backend/.venv/lib/python3.10/site-packages/uvicorn/server.py", line 78, in _serve
    config.load()
  File "/mnt/c/Users/desib/OneDrive/Desktop/Tourism/backend/.venv/lib/python3.10/site-packages/uvicorn/config.py", line 436, in load
    self.loaded_app = import_from_string(self.app)
  File "/mnt/c/Users/desib/OneDrive/Desktop/Tourism/backend/.venv/lib/python3.10/site-packages/uvicorn/importer.py", line 22, in import_from_string
    raise exc from None
  File "/mnt/c/Users/desib/OneDrive/Desktop/Tourism/backend/.venv/lib/python3.10/site-packages/uvicorn/importer.py", line 19, in import_from_string
    module = importlib.import_module(module_str)
  File "/usr/lib/python3.10/importlib/__init__.py", line 126, in import_module
    return _bootstrap._gcd_import(name[level:], package, level)
  File "<frozen importlib._bootstrap>", line 1050, in _gcd_import
  File "<frozen importlib._bootstrap>", line 1027, in _find_and_load
  File "<frozen importlib._bootstrap>", line 1006, in _find_and_load_unlocked
  File "<frozen importlib._bootstrap>", line 688, in _load_unlocked
  File "<frozen importlib._bootstrap_external>", line 883, in exec_module
  File "<frozen importlib._bootstrap>", line 241, in _call_with_frames_removed
  File "/mnt/c/Users/desib/OneDrive/Desktop/Tourism/backend/main.py", line 2, in <module>
    from backend.app.api import forecast, pricing, personas, campaigns, chatbot, auth, billing, crm, offers
ModuleNotFoundError: No module named 'backend'
WARNING:  StatReload detected changes in 'tests/conftest.py'. Reloading...
Process SpawnProcess-89:
Traceback (most recent call last):
  File "/usr/lib/python3.10/multiprocessing/process.py", line 314, in _bootstrap
    self.run()
  File "/usr/lib/python3.10/multiprocessing/process.py", line 108, in run
    self._target(*self._args, **self._kwargs)
  File "/mnt/c/Users/desib/OneDrive/Desktop/Tourism/backend/.venv/lib/python3.10/site-packages/uvicorn/_subprocess.py", line 80, in subprocess_started
    target(sockets=sockets)
  File "/mnt/c/Users/desib/OneDrive/Desktop/Tourism/backend/.venv/lib/python3.10/site-packages/uvicorn/server.py", line 67, in run
    return asyncio.run(self.serve(sockets=sockets))
  File "/usr/lib/python3.10/asyncio/runners.py", line 44, in run
    return loop.run_until_complete(main)
  File "/usr/lib/python3.10/asyncio/base_events.py", line 649, in run_until_complete
    return future.result()
  File "/mnt/c/Users/desib/OneDrive/Desktop/Tourism/backend/.venv/lib/python3.10/site-packages/uvicorn/server.py", line 71, in serve
    await self._serve(sockets)
  File "/mnt/c/Users/desib/OneDrive/Desktop/Tourism/backend/.venv/lib/python3.10/site-packages/uvicorn/server.py", line 78, in _serve
    config.load()
  File "/mnt/c/Users/desib/OneDrive/Desktop/Tourism/backend/.venv/lib/python3.10/site-packages/uvicorn/config.py", line 436, in load
    self.loaded_app = import_from_string(self.app)
  File "/mnt/c/Users/desib/OneDrive/Desktop/Tourism/backend/.venv/lib/python3.10/site-packages/uvicorn/importer.py", line 22, in import_from_string
    raise exc from None
  File "/mnt/c/Users/desib/OneDrive/Desktop/Tourism/backend/.venv/lib/python3.10/site-packages/uvicorn/importer.py", line 19, in import_from_string
    module = importlib.import_module(module_str)
  File "/usr/lib/python3.10/importlib/__init__.py", line 126, in import_module
    return _bootstrap._gcd_import(name[level:], package, level)
  File "<frozen importlib._bootstrap>", line 1050, in _gcd_import
  File "<frozen importlib._bootstrap>", line 1027, in _find_and_load
  File "<frozen importlib._bootstrap>", line 1006, in _find_and_load_unlocked
  File "<frozen importlib._bootstrap>", line 688, in _load_unlocked
  File "<frozen importlib._bootstrap_external>", line 883, in exec_module
  File "<frozen importlib._bootstrap>", line 241, in _call_with_frames_removed
  File "/mnt/c/Users/desib/OneDrive/Desktop/Tourism/backend/main.py", line 2, in <module>
    from backend.app.api import forecast, pricing, personas, campaigns, chatbot, auth, billing, crm, offers
ModuleNotFoundError: No module named 'backend'
WARNING:  StatReload detected changes in 'app/api/billing.py'. Reloading...
Process SpawnProcess-90:
Traceback (most recent call last):
  File "/usr/lib/python3.10/multiprocessing/process.py", line 314, in _bootstrap
    self.run()
  File "/usr/lib/python3.10/multiprocessing/process.py", line 108, in run
    self._target(*self._args, **self._kwargs)
  File "/mnt/c/Users/desib/OneDrive/Desktop/Tourism/backend/.venv/lib/python3.10/site-packages/uvicorn/_subprocess.py", line 80, in subprocess_started
    target(sockets=sockets)
  File "/mnt/c/Users/desib/OneDrive/Desktop/Tourism/backend/.venv/lib/python3.10/site-packages/uvicorn/server.py", line 67, in run
    return asyncio.run(self.serve(sockets=sockets))
  File "/usr/lib/python3.10/asyncio/runners.py", line 44, in run
    return loop.run_until_complete(main)
  File "/usr/lib/python3.10/asyncio/base_events.py", line 649, in run_until_complete
    return future.result()
  File "/mnt/c/Users/desib/OneDrive/Desktop/Tourism/backend/.venv/lib/python3.10/site-packages/uvicorn/server.py", line 71, in serve
    await self._serve(sockets)
  File "/mnt/c/Users/desib/OneDrive/Desktop/Tourism/backend/.venv/lib/python3.10/site-packages/uvicorn/server.py", line 78, in _serve
    config.load()
  File "/mnt/c/Users/desib/OneDrive/Desktop/Tourism/backend/.venv/lib/python3.10/site-packages/uvicorn/config.py", line 436, in load
    self.loaded_app = import_from_string(self.app)
  File "/mnt/c/Users/desib/OneDrive/Desktop/Tourism/backend/.venv/lib/python3.10/site-packages/uvicorn/importer.py", line 22, in import_from_string
    raise exc from None
  File "/mnt/c/Users/desib/OneDrive/Desktop/Tourism/backend/.venv/lib/python3.10/site-packages/uvicorn/importer.py", line 19, in import_from_string
    module = importlib.import_module(module_str)
  File "/usr/lib/python3.10/importlib/__init__.py", line 126, in import_module
    return _bootstrap._gcd_import(name[level:], package, level)
  File "<frozen importlib._bootstrap>", line 1050, in _gcd_import
  File "<frozen importlib._bootstrap>", line 1027, in _find_and_load
  File "<frozen importlib._bootstrap>", line 1006, in _find_and_load_unlocked
  File "<frozen importlib._bootstrap>", line 688, in _load_unlocked
  File "<frozen importlib._bootstrap_external>", line 883, in exec_module
  File "<frozen importlib._bootstrap>", line 241, in _call_with_frames_removed
  File "/mnt/c/Users/desib/OneDrive/Desktop/Tourism/backend/main.py", line 2, in <module>
    from backend.app.api import forecast, pricing, personas, campaigns, chatbot, auth, billing, crm, offers
ModuleNotFoundError: No module named 'backend'
WARNING:  StatReload detected changes in 'tests/conftest.py'. Reloading...
Process SpawnProcess-91:
Traceback (most recent call last):
  File "/usr/lib/python3.10/multiprocessing/process.py", line 314, in _bootstrap
    self.run()
  File "/usr/lib/python3.10/multiprocessing/process.py", line 108, in run
    self._target(*self._args, **self._kwargs)
  File "/mnt/c/Users/desib/OneDrive/Desktop/Tourism/backend/.venv/lib/python3.10/site-packages/uvicorn/_subprocess.py", line 80, in subprocess_started
    target(sockets=sockets)
  File "/mnt/c/Users/desib/OneDrive/Desktop/Tourism/backend/.venv/lib/python3.10/site-packages/uvicorn/server.py", line 67, in run
    return asyncio.run(self.serve(sockets=sockets))
  File "/usr/lib/python3.10/asyncio/runners.py", line 44, in run
    return loop.run_until_complete(main)
  File "/usr/lib/python3.10/asyncio/base_events.py", line 649, in run_until_complete
    return future.result()
  File "/mnt/c/Users/desib/OneDrive/Desktop/Tourism/backend/.venv/lib/python3.10/site-packages/uvicorn/server.py", line 71, in serve
    await self._serve(sockets)
  File "/mnt/c/Users/desib/OneDrive/Desktop/Tourism/backend/.venv/lib/python3.10/site-packages/uvicorn/server.py", line 78, in _serve
    config.load()
  File "/mnt/c/Users/desib/OneDrive/Desktop/Tourism/backend/.venv/lib/python3.10/site-packages/uvicorn/config.py", line 436, in load
    self.loaded_app = import_from_string(self.app)
  File "/mnt/c/Users/desib/OneDrive/Desktop/Tourism/backend/.venv/lib/python3.10/site-packages/uvicorn/importer.py", line 22, in import_from_string
    raise exc from None
  File "/mnt/c/Users/desib/OneDrive/Desktop/Tourism/backend/.venv/lib/python3.10/site-packages/uvicorn/importer.py", line 19, in import_from_string
    module = importlib.import_module(module_str)
  File "/usr/lib/python3.10/importlib/__init__.py", line 126, in import_module
    return _bootstrap._gcd_import(name[level:], package, level)
  File "<frozen importlib._bootstrap>", line 1050, in _gcd_import
  File "<frozen importlib._bootstrap>", line 1027, in _find_and_load
  File "<frozen importlib._bootstrap>", line 1006, in _find_and_load_unlocked
  File "<frozen importlib._bootstrap>", line 688, in _load_unlocked
  File "<frozen importlib._bootstrap_external>", line 883, in exec_module
  File "<frozen importlib._bootstrap>", line 241, in _call_with_frames_removed
  File "/mnt/c/Users/desib/OneDrive/Desktop/Tourism/backend/main.py", line 2, in <module>
    from backend.app.api import forecast, pricing, personas, campaigns, chatbot, auth, billing, crm, offers
ModuleNotFoundError: No module named 'backend'
WARNING:  StatReload detected changes in 'tests/conftest.py'. Reloading...
Process SpawnProcess-92:
Traceback (most recent call last):
  File "/usr/lib/python3.10/multiprocessing/process.py", line 314, in _bootstrap
    self.run()
  File "/usr/lib/python3.10/multiprocessing/process.py", line 108, in run
    self._target(*self._args, **self._kwargs)
  File "/mnt/c/Users/desib/OneDrive/Desktop/Tourism/backend/.venv/lib/python3.10/site-packages/uvicorn/_subprocess.py", line 80, in subprocess_started
    target(sockets=sockets)
  File "/mnt/c/Users/desib/OneDrive/Desktop/Tourism/backend/.venv/lib/python3.10/site-packages/uvicorn/server.py", line 67, in run
    return asyncio.run(self.serve(sockets=sockets))
  File "/usr/lib/python3.10/asyncio/runners.py", line 44, in run
    return loop.run_until_complete(main)
  File "/usr/lib/python3.10/asyncio/base_events.py", line 649, in run_until_complete
    return future.result()
  File "/mnt/c/Users/desib/OneDrive/Desktop/Tourism/backend/.venv/lib/python3.10/site-packages/uvicorn/server.py", line 71, in serve
    await self._serve(sockets)
  File "/mnt/c/Users/desib/OneDrive/Desktop/Tourism/backend/.venv/lib/python3.10/site-packages/uvicorn/server.py", line 78, in _serve
    config.load()
  File "/mnt/c/Users/desib/OneDrive/Desktop/Tourism/backend/.venv/lib/python3.10/site-packages/uvicorn/config.py", line 436, in load
    self.loaded_app = import_from_string(self.app)
  File "/mnt/c/Users/desib/OneDrive/Desktop/Tourism/backend/.venv/lib/python3.10/site-packages/uvicorn/importer.py", line 22, in import_from_string
    raise exc from None
  File "/mnt/c/Users/desib/OneDrive/Desktop/Tourism/backend/.venv/lib/python3.10/site-packages/uvicorn/importer.py", line 19, in import_from_string
    module = importlib.import_module(module_str)
  File "/usr/lib/python3.10/importlib/__init__.py", line 126, in import_module
    return _bootstrap._gcd_import(name[level:], package, level)
  File "<frozen importlib._bootstrap>", line 1050, in _gcd_import
  File "<frozen importlib._bootstrap>", line 1027, in _find_and_load
  File "<frozen importlib._bootstrap>", line 1006, in _find_and_load_unlocked
  File "<frozen importlib._bootstrap>", line 688, in _load_unlocked
  File "<frozen importlib._bootstrap_external>", line 883, in exec_module
  File "<frozen importlib._bootstrap>", line 241, in _call_with_frames_removed
  File "/mnt/c/Users/desib/OneDrive/Desktop/Tourism/backend/main.py", line 2, in <module>
    from backend.app.api import forecast, pricing, personas, campaigns, chatbot, auth, billing, crm, offers
ModuleNotFoundError: No module named 'backend'
WARNING:  StatReload detected changes in 'tests/conftest.py'. Reloading...
Process SpawnProcess-93:
Traceback (most recent call last):
  File "/usr/lib/python3.10/multiprocessing/process.py", line 314, in _bootstrap
    self.run()
  File "/usr/lib/python3.10/multiprocessing/process.py", line 108, in run
    self._target(*self._args, **self._kwargs)
  File "/mnt/c/Users/desib/OneDrive/Desktop/Tourism/backend/.venv/lib/python3.10/site-packages/uvicorn/_subprocess.py", line 80, in subprocess_started
    target(sockets=sockets)
  File "/mnt/c/Users/desib/OneDrive/Desktop/Tourism/backend/.venv/lib/python3.10/site-packages/uvicorn/server.py", line 67, in run
    return asyncio.run(self.serve(sockets=sockets))
  File "/usr/lib/python3.10/asyncio/runners.py", line 44, in run
    return loop.run_until_complete(main)
  File "/usr/lib/python3.10/asyncio/base_events.py", line 649, in run_until_complete
    return future.result()
  File "/mnt/c/Users/desib/OneDrive/Desktop/Tourism/backend/.venv/lib/python3.10/site-packages/uvicorn/server.py", line 71, in serve
    await self._serve(sockets)
  File "/mnt/c/Users/desib/OneDrive/Desktop/Tourism/backend/.venv/lib/python3.10/site-packages/uvicorn/server.py", line 78, in _serve
    config.load()
  File "/mnt/c/Users/desib/OneDrive/Desktop/Tourism/backend/.venv/lib/python3.10/site-packages/uvicorn/config.py", line 436, in load
    self.loaded_app = import_from_string(self.app)
  File "/mnt/c/Users/desib/OneDrive/Desktop/Tourism/backend/.venv/lib/python3.10/site-packages/uvicorn/importer.py", line 22, in import_from_string
    raise exc from None
  File "/mnt/c/Users/desib/OneDrive/Desktop/Tourism/backend/.venv/lib/python3.10/site-packages/uvicorn/importer.py", line 19, in import_from_string
    module = importlib.import_module(module_str)
  File "/usr/lib/python3.10/importlib/__init__.py", line 126, in import_module
    return _bootstrap._gcd_import(name[level:], package, level)
  File "<frozen importlib._bootstrap>", line 1050, in _gcd_import
  File "<frozen importlib._bootstrap>", line 1027, in _find_and_load
  File "<frozen importlib._bootstrap>", line 1006, in _find_and_load_unlocked
  File "<frozen importlib._bootstrap>", line 688, in _load_unlocked
  File "<frozen importlib._bootstrap_external>", line 883, in exec_module
  File "<frozen importlib._bootstrap>", line 241, in _call_with_frames_removed
  File "/mnt/c/Users/desib/OneDrive/Desktop/Tourism/backend/main.py", line 2, in <module>
    from backend.app.api import forecast, pricing, personas, campaigns, chatbot, auth, billing, crm, offers
ModuleNotFoundError: No module named 'backend'
WARNING:  StatReload detected changes in 'app/api/billing.py'. Reloading...
Process SpawnProcess-94:
Traceback (most recent call last):
  File "/usr/lib/python3.10/multiprocessing/process.py", line 314, in _bootstrap
    self.run()
  File "/usr/lib/python3.10/multiprocessing/process.py", line 108, in run
    self._target(*self._args, **self._kwargs)
  File "/mnt/c/Users/desib/OneDrive/Desktop/Tourism/backend/.venv/lib/python3.10/site-packages/uvicorn/_subprocess.py", line 80, in subprocess_started
    target(sockets=sockets)
  File "/mnt/c/Users/desib/OneDrive/Desktop/Tourism/backend/.venv/lib/python3.10/site-packages/uvicorn/server.py", line 67, in run
    return asyncio.run(self.serve(sockets=sockets))
  File "/usr/lib/python3.10/asyncio/runners.py", line 44, in run
    return loop.run_until_complete(main)
  File "/usr/lib/python3.10/asyncio/base_events.py", line 649, in run_until_complete
    return future.result()
  File "/mnt/c/Users/desib/OneDrive/Desktop/Tourism/backend/.venv/lib/python3.10/site-packages/uvicorn/server.py", line 71, in serve
    await self._serve(sockets)
  File "/mnt/c/Users/desib/OneDrive/Desktop/Tourism/backend/.venv/lib/python3.10/site-packages/uvicorn/server.py", line 78, in _serve
    config.load()
  File "/mnt/c/Users/desib/OneDrive/Desktop/Tourism/backend/.venv/lib/python3.10/site-packages/uvicorn/config.py", line 436, in load
    self.loaded_app = import_from_string(self.app)
  File "/mnt/c/Users/desib/OneDrive/Desktop/Tourism/backend/.venv/lib/python3.10/site-packages/uvicorn/importer.py", line 22, in import_from_string
    raise exc from None
  File "/mnt/c/Users/desib/OneDrive/Desktop/Tourism/backend/.venv/lib/python3.10/site-packages/uvicorn/importer.py", line 19, in import_from_string
    module = importlib.import_module(module_str)
  File "/usr/lib/python3.10/importlib/__init__.py", line 126, in import_module
    return _bootstrap._gcd_import(name[level:], package, level)
  File "<frozen importlib._bootstrap>", line 1050, in _gcd_import
  File "<frozen importlib._bootstrap>", line 1027, in _find_and_load
  File "<frozen importlib._bootstrap>", line 1006, in _find_and_load_unlocked
  File "<frozen importlib._bootstrap>", line 688, in _load_unlocked
  File "<frozen importlib._bootstrap_external>", line 883, in exec_module
  File "<frozen importlib._bootstrap>", line 241, in _call_with_frames_removed
  File "/mnt/c/Users/desib/OneDrive/Desktop/Tourism/backend/main.py", line 2, in <module>
    from backend.app.api import forecast, pricing, personas, campaigns, chatbot, auth, billing, crm, offers
ModuleNotFoundError: No module named 'backend'
WARNING:  StatReload detected changes in 'tests/test_billing_webhooks.py'. Reloading...
Process SpawnProcess-95:
Traceback (most recent call last):
  File "/usr/lib/python3.10/multiprocessing/process.py", line 314, in _bootstrap
    self.run()
  File "/usr/lib/python3.10/multiprocessing/process.py", line 108, in run
    self._target(*self._args, **self._kwargs)
  File "/mnt/c/Users/desib/OneDrive/Desktop/Tourism/backend/.venv/lib/python3.10/site-packages/uvicorn/_subprocess.py", line 80, in subprocess_started
    target(sockets=sockets)
  File "/mnt/c/Users/desib/OneDrive/Desktop/Tourism/backend/.venv/lib/python3.10/site-packages/uvicorn/server.py", line 67, in run
    return asyncio.run(self.serve(sockets=sockets))
  File "/usr/lib/python3.10/asyncio/runners.py", line 44, in run
    return loop.run_until_complete(main)
  File "/usr/lib/python3.10/asyncio/base_events.py", line 649, in run_until_complete
    return future.result()
  File "/mnt/c/Users/desib/OneDrive/Desktop/Tourism/backend/.venv/lib/python3.10/site-packages/uvicorn/server.py", line 71, in serve
    await self._serve(sockets)
  File "/mnt/c/Users/desib/OneDrive/Desktop/Tourism/backend/.venv/lib/python3.10/site-packages/uvicorn/server.py", line 78, in _serve
    config.load()
  File "/mnt/c/Users/desib/OneDrive/Desktop/Tourism/backend/.venv/lib/python3.10/site-packages/uvicorn/config.py", line 436, in load
    self.loaded_app = import_from_string(self.app)
  File "/mnt/c/Users/desib/OneDrive/Desktop/Tourism/backend/.venv/lib/python3.10/site-packages/uvicorn/importer.py", line 22, in import_from_string
    raise exc from None
  File "/mnt/c/Users/desib/OneDrive/Desktop/Tourism/backend/.venv/lib/python3.10/site-packages/uvicorn/importer.py", line 19, in import_from_string
    module = importlib.import_module(module_str)
  File "/usr/lib/python3.10/importlib/__init__.py", line 126, in import_module
    return _bootstrap._gcd_import(name[level:], package, level)
  File "<frozen importlib._bootstrap>", line 1050, in _gcd_import
  File "<frozen importlib._bootstrap>", line 1027, in _find_and_load
  File "<frozen importlib._bootstrap>", line 1006, in _find_and_load_unlocked
  File "<frozen importlib._bootstrap>", line 688, in _load_unlocked
  File "<frozen importlib._bootstrap_external>", line 883, in exec_module
  File "<frozen importlib._bootstrap>", line 241, in _call_with_frames_removed
  File "/mnt/c/Users/desib/OneDrive/Desktop/Tourism/backend/main.py", line 2, in <module>
    from backend.app.api import forecast, pricing, personas, campaigns, chatbot, auth, billing, crm, offers
ModuleNotFoundError: No module named 'backend'
WARNING:  StatReload detected changes in 'tests/test_billing_webhooks.py'. Reloading...
Process SpawnProcess-96:
Traceback (most recent call last):
  File "/usr/lib/python3.10/multiprocessing/process.py", line 314, in _bootstrap
    self.run()
  File "/usr/lib/python3.10/multiprocessing/process.py", line 108, in run
    self._target(*self._args, **self._kwargs)
  File "/mnt/c/Users/desib/OneDrive/Desktop/Tourism/backend/.venv/lib/python3.10/site-packages/uvicorn/_subprocess.py", line 80, in subprocess_started
    target(sockets=sockets)
  File "/mnt/c/Users/desib/OneDrive/Desktop/Tourism/backend/.venv/lib/python3.10/site-packages/uvicorn/server.py", line 67, in run
    return asyncio.run(self.serve(sockets=sockets))
  File "/usr/lib/python3.10/asyncio/runners.py", line 44, in run
    return loop.run_until_complete(main)
  File "/usr/lib/python3.10/asyncio/base_events.py", line 649, in run_until_complete
    return future.result()
  File "/mnt/c/Users/desib/OneDrive/Desktop/Tourism/backend/.venv/lib/python3.10/site-packages/uvicorn/server.py", line 71, in serve
    await self._serve(sockets)
  File "/mnt/c/Users/desib/OneDrive/Desktop/Tourism/backend/.venv/lib/python3.10/site-packages/uvicorn/server.py", line 78, in _serve
    config.load()
  File "/mnt/c/Users/desib/OneDrive/Desktop/Tourism/backend/.venv/lib/python3.10/site-packages/uvicorn/config.py", line 436, in load
    self.loaded_app = import_from_string(self.app)
  File "/mnt/c/Users/desib/OneDrive/Desktop/Tourism/backend/.venv/lib/python3.10/site-packages/uvicorn/importer.py", line 22, in import_from_string
    raise exc from None
  File "/mnt/c/Users/desib/OneDrive/Desktop/Tourism/backend/.venv/lib/python3.10/site-packages/uvicorn/importer.py", line 19, in import_from_string
    module = importlib.import_module(module_str)
  File "/usr/lib/python3.10/importlib/__init__.py", line 126, in import_module
    return _bootstrap._gcd_import(name[level:], package, level)
  File "<frozen importlib._bootstrap>", line 1050, in _gcd_import
  File "<frozen importlib._bootstrap>", line 1027, in _find_and_load
  File "<frozen importlib._bootstrap>", line 1006, in _find_and_load_unlocked
  File "<frozen importlib._bootstrap>", line 688, in _load_unlocked
  File "<frozen importlib._bootstrap_external>", line 883, in exec_module
  File "<frozen importlib._bootstrap>", line 241, in _call_with_frames_removed
  File "/mnt/c/Users/desib/OneDrive/Desktop/Tourism/backend/main.py", line 2, in <module>
    from backend.app.api import forecast, pricing, personas, campaigns, chatbot, auth, billing, crm, offers
ModuleNotFoundError: No module named 'backend'
WARNING:  StatReload detected changes in 'tests/test_billing_webhooks.py'. Reloading...
Process SpawnProcess-97:
Traceback (most recent call last):
  File "/usr/lib/python3.10/multiprocessing/process.py", line 314, in _bootstrap
    self.run()
  File "/usr/lib/python3.10/multiprocessing/process.py", line 108, in run
    self._target(*self._args, **self._kwargs)
  File "/mnt/c/Users/desib/OneDrive/Desktop/Tourism/backend/.venv/lib/python3.10/site-packages/uvicorn/_subprocess.py", line 80, in subprocess_started
    target(sockets=sockets)
  File "/mnt/c/Users/desib/OneDrive/Desktop/Tourism/backend/.venv/lib/python3.10/site-packages/uvicorn/server.py", line 67, in run
    return asyncio.run(self.serve(sockets=sockets))
  File "/usr/lib/python3.10/asyncio/runners.py", line 44, in run
    return loop.run_until_complete(main)
  File "/usr/lib/python3.10/asyncio/base_events.py", line 649, in run_until_complete
    return future.result()
  File "/mnt/c/Users/desib/OneDrive/Desktop/Tourism/backend/.venv/lib/python3.10/site-packages/uvicorn/server.py", line 71, in serve
    await self._serve(sockets)
  File "/mnt/c/Users/desib/OneDrive/Desktop/Tourism/backend/.venv/lib/python3.10/site-packages/uvicorn/server.py", line 78, in _serve
    config.load()
  File "/mnt/c/Users/desib/OneDrive/Desktop/Tourism/backend/.venv/lib/python3.10/site-packages/uvicorn/config.py", line 436, in load
    self.loaded_app = import_from_string(self.app)
  File "/mnt/c/Users/desib/OneDrive/Desktop/Tourism/backend/.venv/lib/python3.10/site-packages/uvicorn/importer.py", line 22, in import_from_string
    raise exc from None
  File "/mnt/c/Users/desib/OneDrive/Desktop/Tourism/backend/.venv/lib/python3.10/site-packages/uvicorn/importer.py", line 19, in import_from_string
    module = importlib.import_module(module_str)
  File "/usr/lib/python3.10/importlib/__init__.py", line 126, in import_module
    return _bootstrap._gcd_import(name[level:], package, level)
  File "<frozen importlib._bootstrap>", line 1050, in _gcd_import
  File "<frozen importlib._bootstrap>", line 1027, in _find_and_load
  File "<frozen importlib._bootstrap>", line 1006, in _find_and_load_unlocked
  File "<frozen importlib._bootstrap>", line 688, in _load_unlocked
  File "<frozen importlib._bootstrap_external>", line 883, in exec_module
  File "<frozen importlib._bootstrap>", line 241, in _call_with_frames_removed
  File "/mnt/c/Users/desib/OneDrive/Desktop/Tourism/backend/main.py", line 2, in <module>
    from backend.app.api import forecast, pricing, personas, campaigns, chatbot, auth, billing, crm, offers
ModuleNotFoundError: No module named 'backend'
WARNING:  StatReload detected changes in 'tests/test_billing_webhooks.py'. Reloading...
Process SpawnProcess-98:
Traceback (most recent call last):
  File "/usr/lib/python3.10/multiprocessing/process.py", line 314, in _bootstrap
    self.run()
  File "/usr/lib/python3.10/multiprocessing/process.py", line 108, in run
    self._target(*self._args, **self._kwargs)
  File "/mnt/c/Users/desib/OneDrive/Desktop/Tourism/backend/.venv/lib/python3.10/site-packages/uvicorn/_subprocess.py", line 80, in subprocess_started
    target(sockets=sockets)
  File "/mnt/c/Users/desib/OneDrive/Desktop/Tourism/backend/.venv/lib/python3.10/site-packages/uvicorn/server.py", line 67, in run
    return asyncio.run(self.serve(sockets=sockets))
  File "/usr/lib/python3.10/asyncio/runners.py", line 44, in run
    return loop.run_until_complete(main)
  File "/usr/lib/python3.10/asyncio/base_events.py", line 649, in run_until_complete
    return future.result()
  File "/mnt/c/Users/desib/OneDrive/Desktop/Tourism/backend/.venv/lib/python3.10/site-packages/uvicorn/server.py", line 71, in serve
    await self._serve(sockets)
  File "/mnt/c/Users/desib/OneDrive/Desktop/Tourism/backend/.venv/lib/python3.10/site-packages/uvicorn/server.py", line 78, in _serve
    config.load()
  File "/mnt/c/Users/desib/OneDrive/Desktop/Tourism/backend/.venv/lib/python3.10/site-packages/uvicorn/config.py", line 436, in load
    self.loaded_app = import_from_string(self.app)
  File "/mnt/c/Users/desib/OneDrive/Desktop/Tourism/backend/.venv/lib/python3.10/site-packages/uvicorn/importer.py", line 22, in import_from_string
    raise exc from None
  File "/mnt/c/Users/desib/OneDrive/Desktop/Tourism/backend/.venv/lib/python3.10/site-packages/uvicorn/importer.py", line 19, in import_from_string
    module = importlib.import_module(module_str)
  File "/usr/lib/python3.10/importlib/__init__.py", line 126, in import_module
    return _bootstrap._gcd_import(name[level:], package, level)
  File "<frozen importlib._bootstrap>", line 1050, in _gcd_import
  File "<frozen importlib._bootstrap>", line 1027, in _find_and_load
  File "<frozen importlib._bootstrap>", line 1006, in _find_and_load_unlocked
  File "<frozen importlib._bootstrap>", line 688, in _load_unlocked
  File "<frozen importlib._bootstrap_external>", line 883, in exec_module
  File "<frozen importlib._bootstrap>", line 241, in _call_with_frames_removed
  File "/mnt/c/Users/desib/OneDrive/Desktop/Tourism/backend/main.py", line 2, in <module>
    from backend.app.api import forecast, pricing, personas, campaigns, chatbot, auth, billing, crm, offers
ModuleNotFoundError: No module named 'backend'
WARNING:  StatReload detected changes in 'tests/test_billing_webhooks.py'. Reloading...
Process SpawnProcess-99:
Traceback (most recent call last):
  File "/usr/lib/python3.10/multiprocessing/process.py", line 314, in _bootstrap
    self.run()
  File "/usr/lib/python3.10/multiprocessing/process.py", line 108, in run
    self._target(*self._args, **self._kwargs)
  File "/mnt/c/Users/desib/OneDrive/Desktop/Tourism/backend/.venv/lib/python3.10/site-packages/uvicorn/_subprocess.py", line 80, in subprocess_started
    target(sockets=sockets)
  File "/mnt/c/Users/desib/OneDrive/Desktop/Tourism/backend/.venv/lib/python3.10/site-packages/uvicorn/server.py", line 67, in run
    return asyncio.run(self.serve(sockets=sockets))
  File "/usr/lib/python3.10/asyncio/runners.py", line 44, in run
    return loop.run_until_complete(main)
  File "/usr/lib/python3.10/asyncio/base_events.py", line 649, in run_until_complete
    return future.result()
  File "/mnt/c/Users/desib/OneDrive/Desktop/Tourism/backend/.venv/lib/python3.10/site-packages/uvicorn/server.py", line 71, in serve
    await self._serve(sockets)
  File "/mnt/c/Users/desib/OneDrive/Desktop/Tourism/backend/.venv/lib/python3.10/site-packages/uvicorn/server.py", line 78, in _serve
    config.load()
  File "/mnt/c/Users/desib/OneDrive/Desktop/Tourism/backend/.venv/lib/python3.10/site-packages/uvicorn/config.py", line 436, in load
    self.loaded_app = import_from_string(self.app)
  File "/mnt/c/Users/desib/OneDrive/Desktop/Tourism/backend/.venv/lib/python3.10/site-packages/uvicorn/importer.py", line 22, in import_from_string
    raise exc from None
  File "/mnt/c/Users/desib/OneDrive/Desktop/Tourism/backend/.venv/lib/python3.10/site-packages/uvicorn/importer.py", line 19, in import_from_string
    module = importlib.import_module(module_str)
  File "/usr/lib/python3.10/importlib/__init__.py", line 126, in import_module
    return _bootstrap._gcd_import(name[level:], package, level)
  File "<frozen importlib._bootstrap>", line 1050, in _gcd_import
  File "<frozen importlib._bootstrap>", line 1027, in _find_and_load
  File "<frozen importlib._bootstrap>", line 1006, in _find_and_load_unlocked
  File "<frozen importlib._bootstrap>", line 688, in _load_unlocked
  File "<frozen importlib._bootstrap_external>", line 883, in exec_module
  File "<frozen importlib._bootstrap>", line 241, in _call_with_frames_removed
  File "/mnt/c/Users/desib/OneDrive/Desktop/Tourism/backend/main.py", line 2, in <module>
    from backend.app.api import forecast, pricing, personas, campaigns, chatbot, auth, billing, crm, offers
ModuleNotFoundError: No module named 'backend'
